Component: ARM Compiler 5.06 update 7 (build 960) Tool: armlink [4d3601]

==============================================================================

Section Cross References

    main.o(i.HAL_TIM_PeriodElapsedCallback) refers to stm32f4xx_hal.o(i.HAL_IncTick) for HAL_IncTick
    main.o(i.HAL_UARTEx_RxEventCallback) refers to sbus_proc.o(i.Sbus_Uart6_IDLE_Proc) for Sbus_Uart6_IDLE_Proc
    main.o(i.HAL_UARTEx_RxEventCallback) refers to stm32f4xx_hal_uart.o(i.HAL_UARTEx_ReceiveToIdle_DMA) for HAL_UARTEx_ReceiveToIdle_DMA
    main.o(i.HAL_UARTEx_RxEventCallback) refers to stm32f4xx_hal_uart.o(i.HAL_UART_Transmit) for HAL_UART_Transmit
    main.o(i.HAL_UARTEx_RxEventCallback) refers to main.o(.bss) for SbusRxBuf
    main.o(i.HAL_UARTEx_RxEventCallback) refers to usart.o(.bss) for huart6
    main.o(i.SystemClock_Config) refers to memseta.o(.text) for __aeabi_memclr4
    main.o(i.SystemClock_Config) refers to stm32f4xx_hal_rcc.o(i.HAL_RCC_OscConfig) for HAL_RCC_OscConfig
    main.o(i.SystemClock_Config) refers to main.o(i.Error_Handler) for Error_Handler
    main.o(i.SystemClock_Config) refers to stm32f4xx_hal_rcc.o(i.HAL_RCC_ClockConfig) for HAL_RCC_ClockConfig
    main.o(i.main) refers to stm32f4xx_hal.o(i.HAL_Init) for HAL_Init
    main.o(i.main) refers to main.o(i.SystemClock_Config) for SystemClock_Config
    main.o(i.main) refers to gpio.o(i.MX_GPIO_Init) for MX_GPIO_Init
    main.o(i.main) refers to dma.o(i.MX_DMA_Init) for MX_DMA_Init
    main.o(i.main) refers to adc.o(i.MX_ADC1_Init) for MX_ADC1_Init
    main.o(i.main) refers to adc.o(i.MX_ADC2_Init) for MX_ADC2_Init
    main.o(i.main) refers to adc.o(i.MX_ADC3_Init) for MX_ADC3_Init
    main.o(i.main) refers to i2c.o(i.MX_I2C1_Init) for MX_I2C1_Init
    main.o(i.main) refers to spi.o(i.MX_SPI1_Init) for MX_SPI1_Init
    main.o(i.main) refers to spi.o(i.MX_SPI2_Init) for MX_SPI2_Init
    main.o(i.main) refers to tim.o(i.MX_TIM1_Init) for MX_TIM1_Init
    main.o(i.main) refers to tim.o(i.MX_TIM2_Init) for MX_TIM2_Init
    main.o(i.main) refers to tim.o(i.MX_TIM3_Init) for MX_TIM3_Init
    main.o(i.main) refers to tim.o(i.MX_TIM4_Init) for MX_TIM4_Init
    main.o(i.main) refers to tim.o(i.MX_TIM5_Init) for MX_TIM5_Init
    main.o(i.main) refers to tim.o(i.MX_TIM6_Init) for MX_TIM6_Init
    main.o(i.main) refers to tim.o(i.MX_TIM8_Init) for MX_TIM8_Init
    main.o(i.main) refers to tim.o(i.MX_TIM9_Init) for MX_TIM9_Init
    main.o(i.main) refers to tim.o(i.MX_TIM10_Init) for MX_TIM10_Init
    main.o(i.main) refers to tim.o(i.MX_TIM11_Init) for MX_TIM11_Init
    main.o(i.main) refers to usart.o(i.MX_UART4_Init) for MX_UART4_Init
    main.o(i.main) refers to usart.o(i.MX_UART5_Init) for MX_UART5_Init
    main.o(i.main) refers to usart.o(i.MX_USART1_UART_Init) for MX_USART1_UART_Init
    main.o(i.main) refers to usart.o(i.MX_USART2_UART_Init) for MX_USART2_UART_Init
    main.o(i.main) refers to usart.o(i.MX_USART3_UART_Init) for MX_USART3_UART_Init
    main.o(i.main) refers to usart.o(i.MX_USART6_UART_Init) for MX_USART6_UART_Init
    main.o(i.main) refers to usb_otg.o(i.MX_USB_OTG_FS_HCD_Init) for MX_USB_OTG_FS_HCD_Init
    main.o(i.main) refers to stm32f4xx_hal_tim.o(i.HAL_TIM_PWM_Start) for HAL_TIM_PWM_Start
    main.o(i.main) refers to stm32f4xx_hal_gpio.o(i.HAL_GPIO_WritePin) for HAL_GPIO_WritePin
    main.o(i.main) refers to oled_proc.o(i.OLED_Init) for OLED_Init
    main.o(i.main) refers to oled_proc.o(i.OLED_Clear) for OLED_Clear
    main.o(i.main) refers to w25q32_proc.o(i.W25QXX_Init) for W25QXX_Init
    main.o(i.main) refers to freertos.o(i.MX_FREERTOS_Init) for MX_FREERTOS_Init
    main.o(i.main) refers to stm32f4xx_hal_uart.o(i.HAL_UARTEx_ReceiveToIdle_DMA) for HAL_UARTEx_ReceiveToIdle_DMA
    main.o(i.main) refers to cmsis_os.o(i.osKernelStart) for osKernelStart
    main.o(i.main) refers to tim.o(.bss) for htim1
    main.o(i.main) refers to main.o(.bss) for SbusRxBuf
    main.o(i.main) refers to usart.o(.bss) for huart6
    freertos.o(i.Key_Task_Proc) refers to cmsis_os.o(i.osDelay) for osDelay
    freertos.o(i.MX_FREERTOS_Init) refers to printfa.o(i.__0printf) for __2printf
    freertos.o(i.MX_FREERTOS_Init) refers to memcpy.o(.text) for __aeabi_memcpy4
    freertos.o(i.MX_FREERTOS_Init) refers to cmsis_os.o(i.osThreadCreate) for osThreadCreate
    freertos.o(i.MX_FREERTOS_Init) refers to freertos.o(.constdata) for .constdata
    freertos.o(i.MX_FREERTOS_Init) refers to led_proc.o(.data) for RGBTaskHandle
    freertos.o(i.MX_FREERTOS_Init) refers to freertos.o(.data) for KeyTaskHandle
    freertos.o(i.MX_FREERTOS_Init) refers to buzzer_proc.o(.data) for BuzzerTaskHandle
    freertos.o(i.MX_FREERTOS_Init) refers to uart3_ble_proc.o(.data) for bleUart3TaskHandle
    freertos.o(i.MX_FREERTOS_Init) refers to sbus_proc.o(.data) for SbusTaskHandle
    freertos.o(i.MX_FREERTOS_Init) refers to motor_proc.o(.data) for MotorTaskHandle
    freertos.o(i.MX_FREERTOS_Init) refers to w25q32_proc.o(.data) for W25q32TaskHandle
[...]
    TIM1_BRK_TIM9_IRQHandler                 0x0800027b   Thumb Code     0  startup_stm32f40_41xxx.o(.text)
    TIM1_TRG_COM_TIM11_IRQHandler            0x0800027b   Thumb Code     0  startup_stm32f40_41xxx.o(.text)
    TIM1_UP_TIM10_IRQHandler                 0x0800027b   Thumb Code     0  startup_stm32f40_41xxx.o(.text)
    TIM8_BRK_TIM12_IRQHandler                0x0800027b   Thumb Code     0  startup_stm32f40_41xxx.o(.text)
    TIM8_CC_IRQHandler                       0x0800027b   Thumb Code     0  startup_stm32f40_41xxx.o(.text)
    TIM8_TRG_COM_TIM14_IRQHandler            0x0800027b   Thumb Code     0  startup_stm32f40_41xxx.o(.text)
    TIM8_UP_TIM13_IRQHandler                 0x0800027b   Thumb Code     0  startup_stm32f40_41xxx.o(.text)
    WWDG_IRQHandler                          0x0800027b   Thumb Code     0  startup_stm32f40_41xxx.o(.text)
    __aeabi_uldivmod                         0x08000285   Thumb Code    98  uldiv.o(.text)
    ___aeabi_memcpy8$ret                     0x080002e7   Thumb Code     0  memcpy.o(.text)
    __aeabi_memcpy                           0x080002e7   Thumb Code    40  memcpy.o(.text)
    __aeabi_memcpy4                          0x080002e7   Thumb Code     0  memcpy.o(.text)
    memcpy                                   0x080002e7   Thumb Code     0  memcpy.o(.text)
    __aeabi_memset                           0x0800030f   Thumb Code    14  memseta.o(.text)
    __aeabi_memset4                          0x0800030f   Thumb Code     0  memseta.o(.text)
    __aeabi_memset8                          0x0800030f   Thumb Code     0  memseta.o(.text)
    __aeabi_memclr                           0x0800031d   Thumb Code     4  memseta.o(.text)
    __aeabi_memclr4                          0x0800031d   Thumb Code     0  memseta.o(.text)
    __aeabi_memclr8                          0x0800031d   Thumb Code     0  memseta.o(.text)
    memset                                   0x08000321   Thumb Code    18  memseta.o(.text)
    __aeabi_dadd                             0x08000333   Thumb Code   322  dadd.o(.text)
    __aeabi_dsub                             0x08000475   Thumb Code     6  dadd.o(.text)
    __aeabi_drsub                            0x0800047b   Thumb Code     6  dadd.o(.text)
    __aeabi_dmul                             0x08000481   Thumb Code   228  dmul.o(.text)
    __aeabi_ddiv                             0x08000565   Thumb Code   222  ddiv.o(.text)
    __aeabi_i2d                              0x08000643   Thumb Code    34  dflti.o(.text)
    __aeabi_f2d                              0x08000665   Thumb Code    38  f2d.o(.text)
    __aeabi_cdrcmple                         0x0800068d   Thumb Code    48  cdrcmple.o(.text)
    __aeabi_d2f                              0x080006bd   Thumb Code    56  d2f.o(.text)
    __aeabi_uidiv                            0x080006f5   Thumb Code     0  uidiv.o(.text)
    __aeabi_uidivmod                         0x080006f5   Thumb Code    44  uidiv.o(.text)
    __aeabi_llsl                             0x08000721   Thumb Code    30  llshl.o(.text)
    _ll_shift_l                              0x08000721   Thumb Code     0  llshl.o(.text)
    __aeabi_llsr                             0x0800073f   Thumb Code    32  llushr.o(.text)
    _ll_ushift_r                             0x0800073f   Thumb Code     0  llushr.o(.text)
    __aeabi_lasr                             0x0800075f   Thumb Code    36  llsshr.o(.text)
    _ll_sshift_r                             0x0800075f   Thumb Code     0  llsshr.o(.text)
    __I$use$fp                               0x08000783   Thumb Code     0  iusefp.o(.text)
    _float_round                             0x08000783   Thumb Code    18  fepilogue.o(.text)
    _float_epilogue                          0x08000795   Thumb Code    92  fepilogue.o(.text)
    _double_round                            0x080007f1   Thumb Code    30  depilogue.o(.text)
    _double_epilogue                         0x0800080f   Thumb Code   156  depilogue.o(.text)
    __aeabi_d2ulz                            0x080008ab   Thumb Code    48  dfixul.o(.text)
    __scatterload                            0x080008dd   Thumb Code    28  init.o(.text)
    __scatterload_rt2                        0x080008dd   Thumb Code     0  init.o(.text)
    ADC_IRQHandler                           0x08000901   Thumb Code    22  stm32f4xx_it.o(i.ADC_IRQHandler)
    Ble_Uart3_Task_Proc                      0x08000a85   Thumb Code    10  uart3_ble_proc.o(i.Ble_Uart3_Task_Proc)
    BusFault_Handler                         0x08000a8f   Thumb Code     4  stm32f4xx_it.o(i.BusFault_Handler)
    Buzzer_Task_Proc                         0x08000a93   Thumb Code    12  buzzer_proc.o(i.Buzzer_Task_Proc)
    DebugMon_Handler                         0x08000bab   Thumb Code     2  stm32f4xx_it.o(i.DebugMon_Handler)
    DrvAk8975Read                            0x08000bad   Thumb Code    48  ak8975.o(i.DrvAk8975Read)
    Drv_SPI2_RW                              0x08000be1   Thumb Code    14  ak8975.o(i.Drv_SPI2_RW)
    Drv_SPl0601_Read                         0x08000bf1   Thumb Code    36  spl06.o(i.Drv_SPl0601_Read)
    Error_Handler                            0x08000c1d   Thumb Code     6  main.o(i.Error_Handler)
    HAL_ADCEx_InjectedConvCpltCallback       0x08000c23   Thumb Code     2  stm32f4xx_hal_adc_ex.o(i.HAL_ADCEx_InjectedConvCpltCallback)
    HAL_ADC_ConfigChannel                    0x08000c25   Thumb Code   380  stm32f4xx_hal_adc.o(i.HAL_ADC_ConfigChannel)
    HAL_ADC_ConvCpltCallback                 0x08000db1   Thumb Code     2  stm32f4xx_hal_adc.o(i.HAL_ADC_ConvCpltCallback)
    HAL_ADC_ErrorCallback                    0x08000db3   Thumb Code     2  stm32f4xx_hal_adc.o(i.HAL_ADC_ErrorCallback)
    HAL_ADC_IRQHandler                       0x08000db5   Thumb Code   372  stm32f4xx_hal_adc.o(i.HAL_ADC_IRQHandler)
    HAL_ADC_Init                             0x08000f29   Thumb Code   100  stm32f4xx_hal_adc.o(i.HAL_ADC_Init)
    HAL_ADC_LevelOutOfWindowCallback         0x08000f91   Thumb Code     2  stm32f4xx_hal_adc.o(i.HAL_ADC_LevelOutOfWindowCallback)
    HAL_ADC_MspInit                          0x08000f95   Thumb Code   458  adc.o(i.HAL_ADC_MspInit)
    HAL_DMA_Abort                            0x08001179   Thumb Code   172  stm32f4xx_hal_dma.o(i.HAL_DMA_Abort)
    HAL_DMA_Abort_IT                         0x08001225   Thumb Code    40  stm32f4xx_hal_dma.o(i.HAL_DMA_Abort_IT)
    HAL_DMA_GetState                         0x0800124d   Thumb Code     8  stm32f4xx_hal_dma.o(i.HAL_DMA_GetState)
    HAL_DMA_Init                             0x08001255   Thumb Code   232  stm32f4xx_hal_dma.o(i.HAL_DMA_Init)
    HAL_DMA_Start_IT                         0x08001341   Thumb Code   146  stm32f4xx_hal_dma.o(i.HAL_DMA_Start_IT)
    HAL_Delay                                0x080013d5   Thumb Code    36  stm32f4xx_hal.o(i.HAL_Delay)
    HAL_GPIO_Init                            0x080013fd   Thumb Code   452  stm32f4xx_hal_gpio.o(i.HAL_GPIO_Init)
    HAL_GPIO_WritePin                        0x080015ed   Thumb Code    12  stm32f4xx_hal_gpio.o(i.HAL_GPIO_WritePin)
    HAL_GetTick                              0x080015f9   Thumb Code     6  stm32f4xx_hal.o(i.HAL_GetTick)
    HAL_HCD_Init                             0x08001605   Thumb Code   116  stm32f4xx_hal_hcd.o(i.HAL_HCD_Init)
    HAL_HCD_MspInit                          0x08001679   Thumb Code   144  usb_otg.o(i.HAL_HCD_MspInit)
    HAL_I2C_AbortCpltCallback                0x08001711   Thumb Code     2  stm32f4xx_hal_i2c.o(i.HAL_I2C_AbortCpltCallback)
    HAL_I2C_AddrCallback                     0x08001713   Thumb Code     2  stm32f4xx_hal_i2c.o(i.HAL_I2C_AddrCallback)
    HAL_I2C_ER_IRQHandler                    0x08001715   Thumb Code   212  stm32f4xx_hal_i2c.o(i.HAL_I2C_ER_IRQHandler)
    HAL_I2C_EV_IRQHandler                    0x080017e9   Thumb Code   474  stm32f4xx_hal_i2c.o(i.HAL_I2C_EV_IRQHandler)
    HAL_I2C_ErrorCallback                    0x080019c3   Thumb Code     2  stm32f4xx_hal_i2c.o(i.HAL_I2C_ErrorCallback)
    HAL_I2C_Init                             0x080019c5   Thumb Code   446  stm32f4xx_hal_i2c.o(i.HAL_I2C_Init)
    HAL_I2C_ListenCpltCallback               0x08001b95   Thumb Code     2  stm32f4xx_hal_i2c.o(i.HAL_I2C_ListenCpltCallback)
    HAL_I2C_MasterRxCpltCallback             0x08001b97   Thumb Code     2  stm32f4xx_hal_i2c.o(i.HAL_I2C_MasterRxCpltCallback)
    HAL_I2C_MasterTxCpltCallback             0x08001b99   Thumb Code     2  stm32f4xx_hal_i2c.o(i.HAL_I2C_MasterTxCpltCallback)
    HAL_I2C_MemRxCpltCallback                0x08001b9b   Thumb Code     2  stm32f4xx_hal_i2c.o(i.HAL_I2C_MemRxCpltCallback)
    HAL_I2C_MemTxCpltCallback                0x08001b9d   Thumb Code     2  stm32f4xx_hal_i2c.o(i.HAL_I2C_MemTxCpltCallback)
    HAL_I2C_MspInit                          0x08001ba1   Thumb Code   154  i2c.o(i.HAL_I2C_MspInit)
    HAL_I2C_SlaveRxCpltCallback              0x08001c49   Thumb Code     2  stm32f4xx_hal_i2c.o(i.HAL_I2C_SlaveRxCpltCallback)
    HAL_I2C_SlaveTxCpltCallback              0x08001c4b   Thumb Code     2  stm32f4xx_hal_i2c.o(i.HAL_I2C_SlaveTxCpltCallback)
    HAL_IncTick                              0x08001c4d   Thumb Code    16  stm32f4xx_hal.o(i.HAL_IncTick)
    HAL_Init                                 0x08001c65   Thumb Code    54  stm32f4xx_hal.o(i.HAL_Init)
    HAL_InitTick                             0x08001ca1   Thumb Code   122  stm32f4xx_hal_timebase_tim.o(i.HAL_InitTick)
    HAL_MspInit                              0x08001d2d   Thumb Code    78  stm32f4xx_hal_msp.o(i.HAL_MspInit)
    HAL_NVIC_EnableIRQ                       0x08001d81   Thumb Code    32  stm32f4xx_hal_cortex.o(i.HAL_NVIC_EnableIRQ)
    HAL_NVIC_SetPriority                     0x08001da1   Thumb Code   124  stm32f4xx_hal_cortex.o(i.HAL_NVIC_SetPriority)
    HAL_NVIC_SetPriorityGrouping             0x08001e1d   Thumb Code    32  stm32f4xx_hal_cortex.o(i.HAL_NVIC_SetPriorityGrouping)
    HAL_RCC_ClockConfig                      0x08001e45   Thumb Code   368  stm32f4xx_hal_rcc.o(i.HAL_RCC_ClockConfig)
    HAL_RCC_GetClockConfig                   0x08001fc9   Thumb Code    58  stm32f4xx_hal_rcc.o(i.HAL_RCC_GetClockConfig)
    HAL_RCC_GetHCLKFreq                      0x0800200d   Thumb Code     6  stm32f4xx_hal_rcc.o(i.HAL_RCC_GetHCLKFreq)
    HAL_RCC_GetPCLK1Freq                     0x08002019   Thumb Code    22  stm32f4xx_hal_rcc.o(i.HAL_RCC_GetPCLK1Freq)
    HAL_RCC_GetPCLK2Freq                     0x08002039   Thumb Code    22  stm32f4xx_hal_rcc.o(i.HAL_RCC_GetPCLK2Freq)
    HAL_RCC_GetSysClockFreq                  0x08002059   Thumb Code   162  stm32f4xx_hal_rcc.o(i.HAL_RCC_GetSysClockFreq)
    HAL_RCC_OscConfig                        0x08002109   Thumb Code  1172  stm32f4xx_hal_rcc.o(i.HAL_RCC_OscConfig)
    HAL_SPI_ErrorCallback                    0x080025a5   Thumb Code     2  stm32f4xx_hal_spi.o(i.HAL_SPI_ErrorCallback)
    HAL_SPI_GetState                         0x080025a7   Thumb Code     8  stm32f4xx_hal_spi.o(i.HAL_SPI_GetState)
    HAL_SPI_IRQHandler                       0x080025b1   Thumb Code   342  stm32f4xx_hal_spi.o(i.HAL_SPI_IRQHandler)
    HAL_SPI_Init                             0x0800270d   Thumb Code   200  stm32f4xx_hal_spi.o(i.HAL_SPI_Init)
    HAL_SPI_MspInit                          0x080027d5   Thumb Code   550  spi.o(i.HAL_SPI_MspInit)
    HAL_SPI_Receive                          0x08002a29   Thumb Code   368  stm32f4xx_hal_spi.o(i.HAL_SPI_Receive)
    HAL_SPI_Transmit                         0x08002b99   Thumb Code   430  stm32f4xx_hal_spi.o(i.HAL_SPI_Transmit)
    HAL_SPI_TransmitReceive                  0x08002d47   Thumb Code   554  stm32f4xx_hal_spi.o(i.HAL_SPI_TransmitReceive)
    HAL_TIMEx_BreakCallback                  0x08002f71   Thumb Code     2  stm32f4xx_hal_tim_ex.o(i.HAL_TIMEx_BreakCallback)
    HAL_TIMEx_CommutCallback                 0x08002f73   Thumb Code     2  stm32f4xx_hal_tim_ex.o(i.HAL_TIMEx_CommutCallback)
    HAL_TIMEx_ConfigBreakDeadTime            0x08002f75   Thumb Code   116  stm32f4xx_hal_tim_ex.o(i.HAL_TIMEx_ConfigBreakDeadTime)
    HAL_TIMEx_MasterConfigSynchronization    0x08002fe9   Thumb Code   150  stm32f4xx_hal_tim_ex.o(i.HAL_TIMEx_MasterConfigSynchronization)
    HAL_TIM_Base_Init                        0x0800309d   Thumb Code   102  stm32f4xx_hal_tim.o(i.HAL_TIM_Base_Init)
    HAL_TIM_Base_MspInit                     0x08003105   Thumb Code   152  tim.o(i.HAL_TIM_Base_MspInit)
    HAL_TIM_Base_Start_IT                    0x080031ad   Thumb Code   138  stm32f4xx_hal_tim.o(i.HAL_TIM_Base_Start_IT)
    HAL_TIM_Encoder_Init                     0x08003255   Thumb Code   200  stm32f4xx_hal_tim.o(i.HAL_TIM_Encoder_Init)
    HAL_TIM_Encoder_MspInit                  0x0800331d   Thumb Code   314  tim.o(i.HAL_TIM_Encoder_MspInit)
    HAL_TIM_IC_CaptureCallback               0x08003469   Thumb Code     2  stm32f4xx_hal_tim.o(i.HAL_TIM_IC_CaptureCallback)
    HAL_TIM_IC_ConfigChannel                 0x0800346b   Thumb Code   222  stm32f4xx_hal_tim.o(i.HAL_TIM_IC_ConfigChannel)
    HAL_TIM_IC_Init                          0x08003549   Thumb Code   102  stm32f4xx_hal_tim.o(i.HAL_TIM_IC_Init)
    HAL_TIM_IC_MspInit                       0x080035b1   Thumb Code   120  tim.o(i.HAL_TIM_IC_MspInit)
    HAL_TIM_IRQHandler                       0x08003635   Thumb Code   406  stm32f4xx_hal_tim.o(i.HAL_TIM_IRQHandler)
    HAL_TIM_MspPostInit                      0x080037cd   Thumb Code   430  tim.o(i.HAL_TIM_MspPostInit)
    HAL_TIM_OC_DelayElapsedCallback          0x080039ad   Thumb Code     2  stm32f4xx_hal_tim.o(i.HAL_TIM_OC_DelayElapsedCallback)
    HAL_TIM_OnePulse_Init                    0x080039af   Thumb Code   102  stm32f4xx_hal_tim.o(i.HAL_TIM_OnePulse_Init)
    HAL_TIM_OnePulse_MspInit                 0x08003a15   Thumb Code     2  stm32f4xx_hal_tim.o(i.HAL_TIM_OnePulse_MspInit)
    HAL_TIM_PWM_ConfigChannel                0x08003a17   Thumb Code   260  stm32f4xx_hal_tim.o(i.HAL_TIM_PWM_ConfigChannel)
    HAL_TIM_PWM_Init                         0x08003b1b   Thumb Code   102  stm32f4xx_hal_tim.o(i.HAL_TIM_PWM_Init)
    HAL_TIM_PWM_MspInit                      0x08003b81   Thumb Code   366  tim.o(i.HAL_TIM_PWM_MspInit)
    HAL_TIM_PWM_PulseFinishedCallback        0x08003d0d   Thumb Code     2  stm32f4xx_hal_tim.o(i.HAL_TIM_PWM_PulseFinishedCallback)
    HAL_TIM_PWM_Start                        0x08003d11   Thumb Code   238  stm32f4xx_hal_tim.o(i.HAL_TIM_PWM_Start)
    HAL_TIM_PeriodElapsedCallback            0x08003e1d   Thumb Code    18  main.o(i.HAL_TIM_PeriodElapsedCallback)
    HAL_TIM_TriggerCallback                  0x08003e35   Thumb Code     2  stm32f4xx_hal_tim.o(i.HAL_TIM_TriggerCallback)
    HAL_UARTEx_ReceiveToIdle_DMA             0x08003e37   Thumb Code   130  stm32f4xx_hal_uart.o(i.HAL_UARTEx_ReceiveToIdle_DMA)
    HAL_UARTEx_RxEventCallback               0x08003eb9   Thumb Code    62  main.o(i.HAL_UARTEx_RxEventCallback)
    HAL_UART_ErrorCallback                   0x08003f11   Thumb Code     2  stm32f4xx_hal_uart.o(i.HAL_UART_ErrorCallback)
    HAL_UART_IRQHandler                      0x08003f15   Thumb Code   732  stm32f4xx_hal_uart.o(i.HAL_UART_IRQHandler)
    HAL_UART_Init                            0x080041f5   Thumb Code   114  stm32f4xx_hal_uart.o(i.HAL_UART_Init)
    HAL_UART_MspInit                         0x08004269   Thumb Code   994  usart.o(i.HAL_UART_MspInit)
    HAL_UART_RxCpltCallback                  0x0800468d   Thumb Code     2  stm32f4xx_hal_uart.o(i.HAL_UART_RxCpltCallback)
    HAL_UART_RxHalfCpltCallback              0x0800468f   Thumb Code     2  stm32f4xx_hal_uart.o(i.HAL_UART_RxHalfCpltCallback)
    HAL_UART_Transmit                        0x08004691   Thumb Code   210  stm32f4xx_hal_uart.o(i.HAL_UART_Transmit)
    HAL_UART_TxCpltCallback                  0x08004763   Thumb Code     2  stm32f4xx_hal_uart.o(i.HAL_UART_TxCpltCallback)
    HardFault_Handler                        0x08004765   Thumb Code     4  stm32f4xx_it.o(i.HardFault_Handler)
    I2C1_ER_IRQHandler                       0x08004769   Thumb Code    10  stm32f4xx_it.o(i.I2C1_ER_IRQHandler)
    I2C1_EV_IRQHandler                       0x08004779   Thumb Code    10  stm32f4xx_it.o(i.I2C1_EV_IRQHandler)
    Key_Task_Proc                            0x08005565   Thumb Code    10  freertos.o(i.Key_Task_Proc)
    MX_ADC1_Init                             0x08005571   Thumb Code   100  adc.o(i.MX_ADC1_Init)
    MX_ADC2_Init                             0x080055e1   Thumb Code   100  adc.o(i.MX_ADC2_Init)
    MX_ADC3_Init                             0x08005651   Thumb Code   100  adc.o(i.MX_ADC3_Init)
    MX_DMA_Init                              0x080056c1   Thumb Code   114  dma.o(i.MX_DMA_Init)
    MX_FREERTOS_Init                         0x08005739   Thumb Code   390  freertos.o(i.MX_FREERTOS_Init)
    MX_GPIO_Init                             0x08005a35   Thumb Code   412  gpio.o(i.MX_GPIO_Init)
    MX_I2C1_Init                             0x08005be9   Thumb Code    48  i2c.o(i.MX_I2C1_Init)
    MX_SPI1_Init                             0x08005c25   Thumb Code    60  spi.o(i.MX_SPI1_Init)
    MX_SPI2_Init                             0x08005c69   Thumb Code    62  spi.o(i.MX_SPI2_Init)
    MX_TIM10_Init                            0x08005cb1   Thumb Code   100  tim.o(i.MX_TIM10_Init)
    MX_TIM11_Init                            0x08005d1d   Thumb Code   100  tim.o(i.MX_TIM11_Init)
    MX_TIM1_Init                             0x08005d89   Thumb Code   230  tim.o(i.MX_TIM1_Init)
    MX_TIM2_Init                             0x08005e79   Thumb Code   114  tim.o(i.MX_TIM2_Init)
    MX_TIM3_Init                             0x08005ef1   Thumb Code   114  tim.o(i.MX_TIM3_Init)
    MX_TIM4_Init                             0x08005f6d   Thumb Code   166  tim.o(i.MX_TIM4_Init)
    MX_TIM5_Init                             0x0800601d   Thumb Code   194  tim.o(i.MX_TIM5_Init)
    MX_TIM6_Init                             0x080060e9   Thumb Code    66  tim.o(i.MX_TIM6_Init)
    MX_TIM8_Init                             0x08006135   Thumb Code   182  tim.o(i.MX_TIM8_Init)
    MX_TIM9_Init                             0x080061f5   Thumb Code   102  tim.o(i.MX_TIM9_Init)
    MX_UART4_Init                            0x08006265   Thumb Code    46  usart.o(i.MX_UART4_Init)
    MX_UART5_Init                            0x0800629d   Thumb Code    46  usart.o(i.MX_UART5_Init)
    MX_USART1_UART_Init                      0x080062d5   Thumb Code    46  usart.o(i.MX_USART1_UART_Init)
    MX_USART2_UART_Init                      0x0800630d   Thumb Code    46  usart.o(i.MX_USART2_UART_Init)
    MX_USART3_UART_Init                      0x08006345   Thumb Code    46  usart.o(i.MX_USART3_UART_Init)
    MX_USART6_UART_Init                      0x0800637d   Thumb Code    50  usart.o(i.MX_USART6_UART_Init)
    MX_USB_OTG_FS_HCD_Init                   0x080063bd   Thumb Code    44  usb_otg.o(i.MX_USB_OTG_FS_HCD_Init)
    Mag_Get                                  0x080063ed   Thumb Code   110  ak8975.o(i.Mag_Get)
    MemManage_Handler                        0x08006461   Thumb Code     4  stm32f4xx_it.o(i.MemManage_Handler)
    Motor_Task_Proc                          0x08006465   Thumb Code    10  motor_proc.o(i.Motor_Task_Proc)
    NMI_Handler                              0x0800646f   Thumb Code     4  stm32f4xx_it.o(i.NMI_Handler)
    OLED_Clear                               0x08006473   Thumb Code    56  oled_proc.o(i.OLED_Clear)
    OLED_Init                                0x080064ad   Thumb Code    52  oled_proc.o(i.OLED_Init)
    OLED_Set_Pos                             0x080064e9   Thumb Code    36  oled_proc.o(i.OLED_Set_Pos)
    OLED_ShowChar                            0x0800650d   Thumb Code   218  oled_proc.o(i.OLED_ShowChar)
    OLED_ShowString                          0x080065f1   Thumb Code   104  oled_proc.o(i.OLED_ShowString)
    OLED_Task_Proc                           0x08006659   Thumb Code   482  oled_proc.o(i.OLED_Task_Proc)
    OLED_WR_CMD                              0x080068f5   Thumb Code    54  oled_proc.o(i.OLED_WR_CMD)
    OLED_WR_DATA                             0x08006931   Thumb Code    54  oled_proc.o(i.OLED_WR_DATA)
    PWM_Task_Proc                            0x0800696d   Thumb Code    10  freertos.o(i.PWM_Task_Proc)
    RGB_Show_Proc                            0x08006979   Thumb Code    46  led_proc.o(i.RGB_Show_Proc)
    RGB_Task_Proc                            0x080069ad   Thumb Code    22  led_proc.o(i.RGB_Task_Proc)
    ReadAccData                              0x080069c9   Thumb Code   154  bmi088_1.o(i.ReadAccData)
    ReadAccTemperature                       0x08006a69   Thumb Code    70  bmi088_1.o(i.ReadAccTemperature)
    ReadGyroData                             0x08006ab1   Thumb Code   230  bmi088_1.o(i.ReadGyroData)
    ReadMultiDataFromAcc                     0x08006bb1   Thumb Code   136  bmi088_1.o(i.ReadMultiDataFromAcc)
    ReadMultiDataFromGyro                    0x08006c41   Thumb Code   110  bmi088_1.o(i.ReadMultiDataFromGyro)
    ReadSingleDataFromAcc                    0x08006cb9   Thumb Code   114  bmi088_1.o(i.ReadSingleDataFromAcc)
    ReadSingleDataFromGyro                   0x08006d35   Thumb Code    88  bmi088_1.o(i.ReadSingleDataFromGyro)
    SPI1_IRQHandler                          0x08006d95   Thumb Code    10  stm32f4xx_it.o(i.SPI1_IRQHandler)
    SPI2_IRQHandler                          0x08006da5   Thumb Code    10  stm32f4xx_it.o(i.SPI2_IRQHandler)
    SPI_SingleWirteAndRead                   0x08006ec9   Thumb Code    60  spi.o(i.SPI_SingleWirteAndRead)
    SPl0601GetRawPressure                    0x08006fe5   Thumb Code    96  spl06.o(i.SPl0601GetRawPressure)
    SPl0601GetRawTemp                        0x08007049   Thumb Code   100  spl06.o(i.SPl0601GetRawTemp)
    Sbus_Channels_Proc                       0x080070fd   Thumb Code   472  sbus_proc.o(i.Sbus_Channels_Proc)
    Sbus_Uart6_IDLE_Proc                     0x080072e1   Thumb Code    52  sbus_proc.o(i.Sbus_Uart6_IDLE_Proc)
    Sbus_Uart6_Task_Proc                     0x0800731d   Thumb Code    10  sbus_proc.o(i.Sbus_Uart6_Task_Proc)
    SensorData_Task_Proc                     0x08007329   Thumb Code    44  sensor_data_proc.o(i.SensorData_Task_Proc)
    Spl0601Get                               0x08007369   Thumb Code    14  spl06.o(i.Spl0601Get)
    Spl0601GetPressure                       0x08007379   Thumb Code   214  spl06.o(i.Spl0601GetPressure)
    Spl0601GetTemperature                    0x08007455   Thumb Code   134  spl06.o(i.Spl0601GetTemperature)
    SysTick_Handler                          0x080074e9   Thumb Code    46  port.o(i.SysTick_Handler)
    SystemClock_Config                       0x0800751d   Thumb Code   170  main.o(i.SystemClock_Config)
    SystemInit                               0x080075d1   Thumb Code    14  system_stm32f4xx.o(i.SystemInit)
    TIM1_CC_IRQHandler                       0x080075e5   Thumb Code    10  stm32f4xx_it.o(i.TIM1_CC_IRQHandler)
    TIM2_IRQHandler                          0x080075f5   Thumb Code    10  stm32f4xx_it.o(i.TIM2_IRQHandler)
    TIM3_IRQHandler                          0x08007605   Thumb Code    10  stm32f4xx_it.o(i.TIM3_IRQHandler)
    TIM4_IRQHandler                          0x08007615   Thumb Code    10  stm32f4xx_it.o(i.TIM4_IRQHandler)
    TIM5_IRQHandler                          0x08007625   Thumb Code    10  stm32f4xx_it.o(i.TIM5_IRQHandler)
    TIM6_DAC_IRQHandler                      0x08007635   Thumb Code    10  stm32f4xx_it.o(i.TIM6_DAC_IRQHandler)
    TIM7_IRQHandler                          0x08007645   Thumb Code    10  stm32f4xx_it.o(i.TIM7_IRQHandler)
    TIM_Base_SetConfig                       0x08007655   Thumb Code   170  stm32f4xx_hal_tim.o(i.TIM_Base_SetConfig)
    TIM_CCxChannelCmd                        0x0800772d   Thumb Code    34  stm32f4xx_hal_tim.o(i.TIM_CCxChannelCmd)
    TIM_OC2_SetConfig                        0x080077c1   Thumb Code   114  stm32f4xx_hal_tim.o(i.TIM_OC2_SetConfig)
    TIM_TI1_SetConfig                        0x08007909   Thumb Code   114  stm32f4xx_hal_tim.o(i.TIM_TI1_SetConfig)
    UART4_IRQHandler                         0x08007a49   Thumb Code    10  stm32f4xx_it.o(i.UART4_IRQHandler)
    UART5_IRQHandler                         0x08007a59   Thumb Code    10  stm32f4xx_it.o(i.UART5_IRQHandler)
    UART_Start_Receive_DMA                   0x08007f75   Thumb Code   192  stm32f4xx_hal_uart.o(i.UART_Start_Receive_DMA)
    USART1_IRQHandler                        0x08008135   Thumb Code    10  stm32f4xx_it.o(i.USART1_IRQHandler)
    USART2_IRQHandler                        0x08008145   Thumb Code    10  stm32f4xx_it.o(i.USART2_IRQHandler)
    USART3_IRQHandler                        0x08008155   Thumb Code    10  stm32f4xx_it.o(i.USART3_IRQHandler)
    USART6_IRQHandler                        0x08008165   Thumb Code    10  stm32f4xx_it.o(i.USART6_IRQHandler)
    USB_CoreInit                             0x08008175   Thumb Code   128  stm32f4xx_ll_usb.o(i.USB_CoreInit)
    USB_DisableGlobalInt                     0x0800824d   Thumb Code    14  stm32f4xx_ll_usb.o(i.USB_DisableGlobalInt)
    USB_FlushRxFifo                          0x0800825d   Thumb Code    44  stm32f4xx_ll_usb.o(i.USB_FlushRxFifo)
    USB_FlushTxFifo                          0x0800828d   Thumb Code    48  stm32f4xx_ll_usb.o(i.USB_FlushTxFifo)
    USB_GetMode                              0x080082c1   Thumb Code    10  stm32f4xx_ll_usb.o(i.USB_GetMode)
    USB_HostInit                             0x080082cd   Thumb Code   220  stm32f4xx_ll_usb.o(i.USB_HostInit)
    USB_SetCurrentMode                       0x080083bd   Thumb Code   104  stm32f4xx_ll_usb.o(i.USB_SetCurrentMode)
    UsageFault_Handler                       0x08008425   Thumb Code     4  stm32f4xx_it.o(i.UsageFault_Handler)
    W25QXX_Init                              0x08008429   Thumb Code    78  w25q32_proc.o(i.W25QXX_Init)
    W25QXX_ReadCapacity                      0x08008489   Thumb Code    86  w25q32_proc.o(i.W25QXX_ReadCapacity)
    W25QXX_ReadID                            0x080084e5   Thumb Code    70  w25q32_proc.o(i.W25QXX_ReadID)
    W25QXX_ReadUniqueID                      0x08008531   Thumb Code    76  w25q32_proc.o(i.W25QXX_ReadUniqueID)
    W25q32_Task_Proc                         0x080085a9   Thumb Code    34  w25q32_proc.o(i.W25q32_Task_Proc)
    __0printf                                0x080085f5   Thumb Code    22  printfa.o(i.__0printf)
    __1printf                                0x080085f5   Thumb Code     0  printfa.o(i.__0printf)
    __2printf                                0x080085f5   Thumb Code     0  printfa.o(i.__0printf)
    __c89printf                              0x080085f5   Thumb Code     0  printfa.o(i.__0printf)
    printf                                   0x080085f5   Thumb Code     0  printfa.o(i.__0printf)
    __0sprintf                               0x08008615   Thumb Code    34  printfa.o(i.__0sprintf)
    __1sprintf                               0x08008615   Thumb Code     0  printfa.o(i.__0sprintf)
    __2sprintf                               0x08008615   Thumb Code     0  printfa.o(i.__0sprintf)
    __c89sprintf                             0x08008615   Thumb Code     0  printfa.o(i.__0sprintf)
    sprintf                                  0x08008615   Thumb Code     0  printfa.o(i.__0sprintf)
    __scatterload_copy                       0x08008675   Thumb Code    14  handlers.o(i.__scatterload_copy)
    __scatterload_null                       0x08008683   Thumb Code     2  handlers.o(i.__scatterload_null)
    __scatterload_zeroinit                   0x08008685   Thumb Code    14  handlers.o(i.__scatterload_zeroinit)
    fputc                                    0x08008f69   Thumb Code    24  usart.o(i.fputc)
    main                                     0x08008f89   Thumb Code   240  main.o(i.main)
    osDelay                                  0x080090ab   Thumb Code    24  cmsis_os.o(i.osDelay)
    osKernelStart                            0x080090c3   Thumb Code    10  cmsis_os.o(i.osKernelStart)
    osThreadCreate                           0x080090cd   Thumb Code    94  cmsis_os.o(i.osThreadCreate)
    pvPortMalloc                             0x08009b31   Thumb Code   306  heap_4.o(i.pvPortMalloc)
    pxPortInitialiseStack                    0x08009c7d   Thumb Code    38  port.o(i.pxPortInitialiseStack)
    uxListRemove                             0x08009ca9   Thumb Code    40  list.o(i.uxListRemove)
    vApplicationGetIdleTaskMemory            0x08009cd1   Thumb Code    14  freertos.o(i.vApplicationGetIdleTaskMemory)
    vApplicationGetTimerTaskMemory           0x08009ce9   Thumb Code    16  freertos.o(i.vApplicationGetTimerTaskMemory)
    vListInitialise                          0x08009d01   Thumb Code    26  list.o(i.vListInitialise)
    vListInitialiseItem                      0x08009d1b   Thumb Code     6  list.o(i.vListInitialiseItem)
    vListInsert                              0x08009d21   Thumb Code    52  list.o(i.vListInsert)
    vListInsertEnd                           0x08009d55   Thumb Code    24  list.o(i.vListInsertEnd)
    vPortEnterCritical                       0x08009d6d   Thumb Code    76  port.o(i.vPortEnterCritical)
    vPortExitCritical                        0x08009dc1   Thumb Code    56  port.o(i.vPortExitCritical)
    vPortFree                                0x08009dfd   Thumb Code   150  heap_4.o(i.vPortFree)
    vPortSetupTimerInterrupt                 0x08009ea1   Thumb Code    36  port.o(i.vPortSetupTimerInterrupt)
    vPortValidateInterruptPriority           0x08009ec9   Thumb Code   106  port.o(i.vPortValidateInterruptPriority)
    vQueueAddToRegistry                      0x08009f41   Thumb Code    38  queue.o(i.vQueueAddToRegistry)
    vQueueWaitForMessageRestricted           0x08009f6d   Thumb Code    74  queue.o(i.vQueueWaitForMessageRestricted)
    vTaskDelay                               0x08009fb9   Thumb Code    82  tasks.o(i.vTaskDelay)
    vTaskInternalSetTimeOutState             0x0800a015   Thumb Code    14  tasks.o(i.vTaskInternalSetTimeOutState)
    vTaskMissedYield                         0x0800a02d   Thumb Code     8  tasks.o(i.vTaskMissedYield)
    vTaskPlaceOnEventList                    0x0800a039   Thumb Code    52  tasks.o(i.vTaskPlaceOnEventList)
    vTaskPlaceOnEventListRestricted          0x0800a071   Thumb Code    60  tasks.o(i.vTaskPlaceOnEventListRestricted)
    vTaskStartScheduler                      0x0800a0b1   Thumb Code   156  tasks.o(i.vTaskStartScheduler)
    vTaskSuspendAll                          0x0800a169   Thumb Code    12  tasks.o(i.vTaskSuspendAll)
    vTaskSwitchContext                       0x0800a179   Thumb Code   118  tasks.o(i.vTaskSwitchContext)
    xPortStartScheduler                      0x0800a205   Thumb Code   330  port.o(i.xPortStartScheduler)
    xQueueGenericCreateStatic                0x0800a36d   Thumb Code   224  queue.o(i.xQueueGenericCreateStatic)
    xQueueGenericReset                       0x0800a44d   Thumb Code   146  queue.o(i.xQueueGenericReset)
    xQueueGenericSend                        0x0800a4e5   Thumb Code   420  queue.o(i.xQueueGenericSend)
    xQueueGenericSendFromISR                 0x0800a68d   Thumb Code   252  queue.o(i.xQueueGenericSendFromISR)
    xQueueReceive                            0x0800a789   Thumb Code   356  queue.o(i.xQueueReceive)
    xTaskCheckForTimeOut                     0x0800a8f1   Thumb Code   132  tasks.o(i.xTaskCheckForTimeOut)
    xTaskCreate                              0x0800a97d   Thumb Code   100  tasks.o(i.xTaskCreate)
    xTaskCreateStatic                        0x0800a9e1   Thumb Code   186  tasks.o(i.xTaskCreateStatic)
    xTaskGetSchedulerState                   0x0800aa9d   Thumb Code    24  tasks.o(i.xTaskGetSchedulerState)
    xTaskGetTickCount                        0x0800aabd   Thumb Code     6  tasks.o(i.xTaskGetTickCount)
    xTaskIncrementTick                       0x0800aac9   Thumb Code   282  tasks.o(i.xTaskIncrementTick)
    xTaskPriorityDisinherit                  0x0800ac11   Thumb Code   188  tasks.o(i.xTaskPriorityDisinherit)
    xTaskRemoveFromEventList                 0x0800acd9   Thumb Code   128  tasks.o(i.xTaskRemoveFromEventList)
    xTaskResumeAll                           0x0800ad71   Thumb Code   224  tasks.o(i.xTaskResumeAll)
    xTimerCreateTimerTask                    0x0800ae75   Thumb Code   100  timers.o(i.xTimerCreateTimerTask)
    xTimerGenericCommand                     0x0800aeed   Thumb Code   126  timers.o(i.xTimerGenericCommand)
    AHBPrescTable                            0x0800b090   Data          16  system_stm32f4xx.o(.constdata)
    APBPrescTable                            0x0800b0a0   Data           8  system_stm32f4xx.o(.constdata)
    F6x8                                     0x0800b0a8   Data         552  oledfont.o(.constdata)
    F8X16                                    0x0800b2d0   Data        1504  oledfont.o(.constdata)
    Hzk                                      0x0800b8b0   Data         192  oledfont.o(.constdata)
    Region$$Table$$Base                      0x0800b9dc   Number         0  anon$$obj.o(Region$$Table)
    Region$$Table$$Limit                     0x0800b9fc   Number         0  anon$$obj.o(Region$$Table)
    KeyTaskHandle                            0x20000000   Data           4  freertos.o(.data)
    PWMTaskHandle                            0x20000004   Data           4  freertos.o(.data)
    ch                                       0x20000008   Data           1  usart.o(.data)
    uwTick                                   0x2000000c   Data           4  stm32f4xx_hal.o(.data)
    uwTickPrio                               0x20000010   Data           4  stm32f4xx_hal.o(.data)
    uwTickFreq                               0x20000014   Data           1  stm32f4xx_hal.o(.data)
    SystemCoreClock                          0x20000018   Data           4  system_stm32f4xx.o(.data)
    pxCurrentTCB                             0x2000001c   Data           4  tasks.o(.data)
    RGBTaskHandle                            0x20000098   Data           4  led_proc.o(.data)
    ucLed                                    0x2000009c   Data           1  led_proc.o(.data)
    bleUart3TaskHandle                       0x200000a0   Data           4  uart3_ble_proc.o(.data)
    BuzzerTaskHandle                         0x200000a4   Data           4  buzzer_proc.o(.data)
    MotorTaskHandle                          0x200000a8   Data           4  motor_proc.o(.data)
    SbusTaskHandle                           0x200000ac   Data           4  sbus_proc.o(.data)
    W25q32TaskHandle                         0x200000b0   Data           4  w25q32_proc.o(.data)
    W25QXX_TYPE                              0x200000b4   Data           2  w25q32_proc.o(.data)
    W25QXX_SIZE                              0x200000b8   Data           4  w25q32_proc.o(.data)
    W25QXX_UID                               0x200000bc   Data           8  w25q32_proc.o(.data)
    SensorDataTaskHandle                     0x200000c4   Data           4  sensor_data_proc.o(.data)
    FlashTest                                0x200000c8   Data           2  sensor_data_proc.o(.data)
    Temp                                     0x200000cc   Data           4  sensor_data_proc.o(.data)
    Pressure                                 0x200000d0   Data           4  sensor_data_proc.o(.data)
    Bmi088Init_Flag                          0x200000d4   Data           1  sensor_data_proc.o(.data)
    AK8975Flag                               0x200000d5   Data           1  sensor_data_proc.o(.data)
    SPL06Flag                                0x200000d6   Data           1  sensor_data_proc.o(.data)
    OLEDTaskHandle                           0x200000d8   Data           4  oled_proc.o(.data)
    OLED_Init_CMD_Data                       0x200000dc   Data          23  oled_proc.o(.data)
    ADCMAG                                   0x200000f4   Data           6  ak8975.o(.data)
    Baro_Offset                              0x20000104   Data           4  spl06.o(.data)
    Alt_3                                    0x20000108   Data           4  spl06.o(.data)
    Temperature                              0x2000010c   Data           4  spl06.o(.data)
    AltHigh                                  0x20000110   Data           4  spl06.o(.data)
    BaroPressure                             0x20000114   Data           4  spl06.o(.data)
    __stdout                                 0x20000118   Data           4  stdout.o(.data)
    SbusRxBuf                                0x2000011c   Data          40  main.o(.bss)
    BleLogRxBuf                              0x20000144   Data          40  main.o(.bss)
    TxBufTemp                                0x2000016c   Data          40  main.o(.bss)
    htim7                                    0x2000083c   Data          72  stm32f4xx_hal_timebase_tim.o(.bss)
    hi2c1                                    0x20000884   Data          84  i2c.o(.bss)
    hadc1                                    0x200008d8   Data          72  adc.o(.bss)
    hadc2                                    0x20000920   Data          72  adc.o(.bss)
    hadc3                                    0x20000968   Data          72  adc.o(.bss)
    hspi1                                    0x200009b0   Data          88  spi.o(.bss)
    hspi2                                    0x20000a08   Data          88  spi.o(.bss)
    hspi3                                    0x20000a60   Data          88  spi.o(.bss)
    hdma_spi1_rx                             0x20000ab8   Data          96  spi.o(.bss)
    hdma_spi2_rx                             0x20000b18   Data          96  spi.o(.bss)
    htim1                                    0x20000b78   Data          72  tim.o(.bss)
    htim2                                    0x20000bc0   Data          72  tim.o(.bss)
    htim3                                    0x20000c08   Data          72  tim.o(.bss)
    htim4                                    0x20000c50   Data          72  tim.o(.bss)
    htim5                                    0x20000c98   Data          72  tim.o(.bss)
    htim6                                    0x20000ce0   Data          72  tim.o(.bss)
    htim8                                    0x20000d28   Data          72  tim.o(.bss)
    htim9                                    0x20000d70   Data          72  tim.o(.bss)
    htim10                                   0x20000db8   Data          72  tim.o(.bss)
    htim11                                   0x20000e00   Data          72  tim.o(.bss)
    huart4                                   0x20000e48   Data          68  usart.o(.bss)
    huart5                                   0x20000e8c   Data          68  usart.o(.bss)
    huart1                                   0x20000ed0   Data          68  usart.o(.bss)
    huart2                                   0x20000f14   Data          68  usart.o(.bss)
    huart3                                   0x20000f58   Data          68  usart.o(.bss)
    huart6                                   0x20000f9c   Data          68  usart.o(.bss)
    hdma_usart3_rx                           0x20000fe0   Data          96  usart.o(.bss)
    hdma_usart3_tx                           0x20001040   Data          96  usart.o(.bss)
    hdma_usart6_rx                           0x200010a0   Data          96  usart.o(.bss)
    hhcd_USB_OTG_FS                          0x20001100   Data         772  usb_otg.o(.bss)
    xQueueRegistry                           0x20001404   Data          64  queue.o(.bss)
    SbusChannels                             0x2000521c   Data          32  sbus_proc.o(.bss)
    SBUS_CH                                  0x2000523c   Data          34  sbus_proc.o(.bss)
    test_acc                                 0x20005260   Data          12  sensor_data_proc.o(.bss)
    test_gyro                                0x2000526c   Data          12  sensor_data_proc.o(.bss)
    MagTest                                  0x20005278   Data          12  sensor_data_proc.o(.bss)
    st_imuData                               0x20005284   Data         152  sensor_data_proc.o(.bss)
    test_st                                  0x2000531c   Data          16  sensor_data_proc.o(.bss)
    __initial_sp                             0x20005730   Data           0  startup_stm32f40_41xxx.o(STACK)



==============================================================================

Memory Map of the image

  Image Entry point : 0x08000189

  Load Region LR_IROM1 (Base: 0x08000000, Size: 0x0000bb18, Max: 0x00080000, ABSOLUTE)

    Execution Region ER_IROM1 (Exec base: 0x08000000, Load base: 0x08000000, Size: 0x0000b9fc, Max: 0x00080000, ABSOLUTE)

    Exec Addr    Load Addr    Size         Type   Attr      Idx    E Section Name        Object

    0x08000000   0x08000000   0x00000188   Data   RO         1337    RESET               startup_stm32f40_41xxx.o
    0x08000188   0x08000188   0x00000000   Code   RO         9063  * .ARM.Collect$$$$00000000  mc_w.l(entry.o)
    0x08000188   0x08000188   0x00000004   Code   RO         9378    .ARM.Collect$$$$00000001  mc_w.l(entry2.o)
    0x0800018c   0x0800018c   0x00000004   Code   RO         9381    .ARM.Collect$$$$00000004  mc_w.l(entry5.o)
    0x08000190   0x08000190   0x00000000   Code   RO         9383    .ARM.Collect$$$$00000008  mc_w.l(entry7b.o)
    0x08000190   0x08000190   0x00000000   Code   RO         9385    .ARM.Collect$$$$0000000A  mc_w.l(entry8b.o)
    0x08000190   0x08000190   0x00000008   Code   RO         9386    .ARM.Collect$$$$0000000B  mc_w.l(entry9a.o)
    0x08000198   0x08000198   0x00000004   Code   RO         9393    .ARM.Collect$$$$0000000E  mc_w.l(entry12b.o)
    0x0800019c   0x0800019c   0x00000000   Code   RO         9388    .ARM.Collect$$$$0000000F  mc_w.l(entry10a.o)
    0x0800019c   0x0800019c   0x00000000   Code   RO         9390    .ARM.Collect$$$$00000011  mc_w.l(entry11a.o)
    0x0800019c   0x0800019c   0x00000004   Code   RO         9379    .ARM.Collect$$$$00002712  mc_w.l(entry2.o)
    0x080001a0   0x080001a0   0x000000be   Code   RO         6913    .emb_text           port.o
    0x0800025e   0x0800025e   0x00000002   PAD
    0x08000260   0x08000260   0x00000024   Code   RO         1338    .text               startup_stm32f40_41xxx.o
    0x08000284   0x08000284   0x00000062   Code   RO         9066    .text               mc_w.l(uldiv.o)
    0x080002e6   0x080002e6   0x00000028   Code   RO         9068    .text               mc_w.l(memcpy.o)
    0x0800030e   0x0800030e   0x00000024   Code   RO         9074    .text               mc_w.l(memseta.o)
    0x08000332   0x08000332   0x0000014e   Code   RO         9341    .text               mf_w.l(dadd.o)
    0x08000480   0x08000480   0x000000e4   Code   RO         9343    .text               mf_w.l(dmul.o)
    0x08000564   0x08000564   0x000000de   Code   RO         9345    .text               mf_w.l(ddiv.o)
    0x08000642   0x08000642   0x00000022   Code   RO         9347    .text               mf_w.l(dflti.o)
    0x08000664   0x08000664   0x00000026   Code   RO         9351    .text               mf_w.l(f2d.o)
    0x0800068a   0x0800068a   0x00000002   PAD
    0x0800068c   0x0800068c   0x00000030   Code   RO         9355    .text               mf_w.l(cdrcmple.o)
    0x080006bc   0x080006bc   0x00000038   Code   RO         9357    .text               mf_w.l(d2f.o)
    0x080006f4   0x080006f4   0x0000002c   Code   RO         9395    .text               mc_w.l(uidiv.o)
    0x08000720   0x08000720   0x0000001e   Code   RO         9397    .text               mc_w.l(llshl.o)
    0x0800073e   0x0800073e   0x00000020   Code   RO         9399    .text               mc_w.l(llushr.o)
    0x0800075e   0x0800075e   0x00000024   Code   RO         9401    .text               mc_w.l(llsshr.o)
    0x08000782   0x08000782   0x00000000   Code   RO         9410    .text               mc_w.l(iusefp.o)
    0x08000782   0x08000782   0x0000006e   Code   RO         9411    .text               mf_w.l(fepilogue.o)
    0x080007f0   0x080007f0   0x000000ba   Code   RO         9413    .text               mf_w.l(depilogue.o)
    0x080008aa   0x080008aa   0x00000030   Code   RO         9415    .text               mf_w.l(dfixul.o)
    0x080008da   0x080008da   0x00000002   PAD
    0x080008dc   0x080008dc   0x00000024   Code   RO         9419    .text               mc_w.l(init.o)
    0x08000900   0x08000900   0x00000024   Code   RO          699    i.ADC_IRQHandler    stm32f4xx_it.o
    0x08000924   0x08000924   0x00000160   Code   RO         1348    i.ADC_Init          stm32f4xx_hal_adc.o
    0x08000a84   0x08000a84   0x0000000a   Code   RO         7029    i.Ble_Uart3_Task_Proc  uart3_ble_proc.o
    0x08000a8e   0x08000a8e   0x00000004   Code   RO          700    i.BusFault_Handler  stm32f4xx_it.o
    0x08000a92   0x08000a92   0x0000000c   Code   RO         7061    i.Buzzer_Task_Proc  buzzer_proc.o
    0x08000a9e   0x08000a9e   0x00000002   PAD
    0x08000aa0   0x08000aa0   0x00000034   Code   RO         2196    i.DMA_CalcBaseAndBitshift  stm32f4xx_hal_dma.o
    0x08000ad4   0x08000ad4   0x000000aa   Code   RO         2197    i.DMA_CheckFifoParam  stm32f4xx_hal_dma.o
    0x08000b7e   0x08000b7e   0x0000002c   Code   RO         2198    i.DMA_SetConfig     stm32f4xx_hal_dma.o
    0x08000baa   0x08000baa   0x00000002   Code   RO          701    i.DebugMon_Handler  stm32f4xx_it.o
    0x08000bac   0x08000bac   0x00000034   Code   RO         7607    i.DrvAk8975Read     ak8975.o
    0x08000be0   0x08000be0   0x0000000e   Code   RO         7608    i.Drv_SPI2_RW       ak8975.o
    0x08000bee   0x08000bee   0x00000002   PAD
    0x08000bf0   0x08000bf0   0x0000002c   Code   RO         7673    i.Drv_SPl0601_Read  spl06.o
    0x08000c1c   0x08000c1c   0x00000006   Code   RO            4    i.Error_Handler     main.o
    0x08000c22   0x08000c22   0x00000002   Code   RO         1519    i.HAL_ADCEx_InjectedConvCpltCallback  stm32f4xx_hal_adc_ex.o
    0x08000c24   0x08000c24   0x0000018c   Code   RO         1350    i.HAL_ADC_ConfigChannel  stm32f4xx_hal_adc.o
    0x08000db0   0x08000db0   0x00000002   Code   RO         1351    i.HAL_ADC_ConvCpltCallback  stm32f4xx_hal_adc.o
    0x08000db2   0x08000db2   0x00000002   Code   RO         1354    i.HAL_ADC_ErrorCallback  stm32f4xx_hal_adc.o
    0x08000db4   0x08000db4   0x00000174   Code   RO         1358    i.HAL_ADC_IRQHandler  stm32f4xx_hal_adc.o
    0x08000f28   0x08000f28   0x00000068   Code   RO         1359    i.HAL_ADC_Init      stm32f4xx_hal_adc.o
    0x08000f90   0x08000f90   0x00000002   Code   RO         1360    i.HAL_ADC_LevelOutOfWindowCallback  stm32f4xx_hal_adc.o
    0x08000f92   0x08000f92   0x00000002   PAD
    0x08000f94   0x08000f94   0x000001e4   Code   RO          962    i.HAL_ADC_MspInit   adc.o
    0x08001178   0x08001178   0x000000ac   Code   RO         2199    i.HAL_DMA_Abort     stm32f4xx_hal_dma.o
    0x08001224   0x08001224   0x00000028   Code   RO         2200    i.HAL_DMA_Abort_IT  stm32f4xx_hal_dma.o
    0x0800124c   0x0800124c   0x00000008   Code   RO         2203    i.HAL_DMA_GetState  stm32f4xx_hal_dma.o
    0x08001254   0x08001254   0x000000ec   Code   RO         2205    i.HAL_DMA_Init      stm32f4xx_hal_dma.o
    0x08001340   0x08001340   0x00000092   Code   RO         2209    i.HAL_DMA_Start_IT  stm32f4xx_hal_dma.o
    0x080013d2   0x080013d2   0x00000002   PAD
    0x080013d4   0x080013d4   0x00000028   Code   RO         2626    i.HAL_Delay         stm32f4xx_hal.o
    0x080013fc   0x080013fc   0x000001f0   Code   RO         2020    i.HAL_GPIO_Init     stm32f4xx_hal_gpio.o
    0x080015ec   0x080015ec   0x0000000c   Code   RO         2024    i.HAL_GPIO_WritePin  stm32f4xx_hal_gpio.o
    0x080015f8   0x080015f8   0x0000000c   Code   RO         2632    i.HAL_GetTick       stm32f4xx_hal.o
    0x08001604   0x08001604   0x00000074   Code   RO         4982    i.HAL_HCD_Init      stm32f4xx_hal_hcd.o
    0x08001678   0x08001678   0x00000098   Code   RO         1297    i.HAL_HCD_MspInit   usb_otg.o
    0x08001710   0x08001710   0x00000002   Code   RO         2805    i.HAL_I2C_AbortCpltCallback  stm32f4xx_hal_i2c.o
    0x08001712   0x08001712   0x00000002   Code   RO         2806    i.HAL_I2C_AddrCallback  stm32f4xx_hal_i2c.o
    0x08001714   0x08001714   0x000000d4   Code   RO         2809    i.HAL_I2C_ER_IRQHandler  stm32f4xx_hal_i2c.o
    0x080017e8   0x080017e8   0x000001da   Code   RO         2810    i.HAL_I2C_EV_IRQHandler  stm32f4xx_hal_i2c.o
    0x080019c2   0x080019c2   0x00000002   Code   RO         2812    i.HAL_I2C_ErrorCallback  stm32f4xx_hal_i2c.o
    0x080019c4   0x080019c4   0x000001d0   Code   RO         2816    i.HAL_I2C_Init      stm32f4xx_hal_i2c.o
    0x08001b94   0x08001b94   0x00000002   Code   RO         2818    i.HAL_I2C_ListenCpltCallback  stm32f4xx_hal_i2c.o
    0x08001b96   0x08001b96   0x00000002   Code   RO         2819    i.HAL_I2C_MasterRxCpltCallback  stm32f4xx_hal_i2c.o
    0x08001b98   0x08001b98   0x00000002   Code   RO         2820    i.HAL_I2C_MasterTxCpltCallback  stm32f4xx_hal_i2c.o
    0x08001b9a   0x08001b9a   0x00000002   Code   RO         2832    i.HAL_I2C_MemRxCpltCallback  stm32f4xx_hal_i2c.o
    0x08001b9c   0x08001b9c   0x00000002   Code   RO         2833    i.HAL_I2C_MemTxCpltCallback  stm32f4xx_hal_i2c.o
    0x08001b9e   0x08001b9e   0x00000002   PAD
    0x08001ba0   0x08001ba0   0x000000a8   Code   RO          920    i.HAL_I2C_MspInit   i2c.o
    0x08001c48   0x08001c48   0x00000002   Code   RO         2842    i.HAL_I2C_SlaveRxCpltCallback  stm32f4xx_hal_i2c.o
    0x08001c4a   0x08001c4a   0x00000002   Code   RO         2843    i.HAL_I2C_SlaveTxCpltCallback  stm32f4xx_hal_i2c.o
    0x08001c4c   0x08001c4c   0x00000018   Code   RO         2638    i.HAL_IncTick       stm32f4xx_hal.o
    0x08001c64   0x08001c64   0x0000003c   Code   RO         2639    i.HAL_Init          stm32f4xx_hal.o
    0x08001ca0   0x08001ca0   0x0000008c   Code   RO          549    i.HAL_InitTick      stm32f4xx_hal_timebase_tim.o
    0x08001d2c   0x08001d2c   0x00000054   Code   RO          521    i.HAL_MspInit       stm32f4xx_hal_msp.o
    0x08001d80   0x08001d80   0x00000020   Code   RO         2484    i.HAL_NVIC_EnableIRQ  stm32f4xx_hal_cortex.o
    0x08001da0   0x08001da0   0x0000007c   Code   RO         2490    i.HAL_NVIC_SetPriority  stm32f4xx_hal_cortex.o
    0x08001e1c   0x08001e1c   0x00000028   Code   RO         2491    i.HAL_NVIC_SetPriorityGrouping  stm32f4xx_hal_cortex.o
    0x08001e44   0x08001e44   0x00000184   Code   RO         1621    i.HAL_RCC_ClockConfig  stm32f4xx_hal_rcc.o
    0x08001fc8   0x08001fc8   0x00000044   Code   RO         1625    i.HAL_RCC_GetClockConfig  stm32f4xx_hal_rcc.o
    0x0800200c   0x0800200c   0x0000000c   Code   RO         1626    i.HAL_RCC_GetHCLKFreq  stm32f4xx_hal_rcc.o
    0x08002018   0x08002018   0x00000020   Code   RO         1628    i.HAL_RCC_GetPCLK1Freq  stm32f4xx_hal_rcc.o
    0x08002038   0x08002038   0x00000020   Code   RO         1629    i.HAL_RCC_GetPCLK2Freq  stm32f4xx_hal_rcc.o
    0x08002058   0x08002058   0x000000b0   Code   RO         1630    i.HAL_RCC_GetSysClockFreq  stm32f4xx_hal_rcc.o
    0x08002108   0x08002108   0x0000049c   Code   RO         1633    i.HAL_RCC_OscConfig  stm32f4xx_hal_rcc.o
    0x080025a4   0x080025a4   0x00000002   Code   RO         3302    i.HAL_SPI_ErrorCallback  stm32f4xx_hal_spi.o
    0x080025a6   0x080025a6   0x00000008   Code   RO         3304    i.HAL_SPI_GetState  stm32f4xx_hal_spi.o
    0x080025ae   0x080025ae   0x00000002   PAD
    0x080025b0   0x080025b0   0x0000015c   Code   RO         3305    i.HAL_SPI_IRQHandler  stm32f4xx_hal_spi.o
    0x0800270c   0x0800270c   0x000000c8   Code   RO         3306    i.HAL_SPI_Init      stm32f4xx_hal_spi.o
    0x080027d4   0x080027d4   0x00000254   Code   RO         1016    i.HAL_SPI_MspInit   spi.o
    0x08002a28   0x08002a28   0x00000170   Code   RO         3309    i.HAL_SPI_Receive   stm32f4xx_hal_spi.o
    0x08002b98   0x08002b98   0x000001ae   Code   RO         3314    i.HAL_SPI_Transmit  stm32f4xx_hal_spi.o
    0x08002d46   0x08002d46   0x0000022a   Code   RO         3315    i.HAL_SPI_TransmitReceive  stm32f4xx_hal_spi.o
    0x08002f70   0x08002f70   0x00000002   Code   RO         4334    i.HAL_TIMEx_BreakCallback  stm32f4xx_hal_tim_ex.o
    0x08002f72   0x08002f72   0x00000002   Code   RO         4335    i.HAL_TIMEx_CommutCallback  stm32f4xx_hal_tim_ex.o
    0x08002f74   0x08002f74   0x00000074   Code   RO         4337    i.HAL_TIMEx_ConfigBreakDeadTime  stm32f4xx_hal_tim_ex.o
    0x08002fe8   0x08002fe8   0x000000b4   Code   RO         4353    i.HAL_TIMEx_MasterConfigSynchronization  stm32f4xx_hal_tim_ex.o
    0x0800309c   0x0800309c   0x00000066   Code   RO         3619    i.HAL_TIM_Base_Init  stm32f4xx_hal_tim.o
    0x08003102   0x08003102   0x00000002   PAD
    0x08003104   0x08003104   0x000000a8   Code   RO         1076    i.HAL_TIM_Base_MspInit  tim.o
    0x080031ac   0x080031ac   0x000000a8   Code   RO         3624    i.HAL_TIM_Base_Start_IT  stm32f4xx_hal_tim.o
    0x08003254   0x08003254   0x000000c8   Code   RO         3640    i.HAL_TIM_Encoder_Init  stm32f4xx_hal_tim.o
    0x0800331c   0x0800331c   0x0000014c   Code   RO         1078    i.HAL_TIM_Encoder_MspInit  tim.o
    0x08003468   0x08003468   0x00000002   Code   RO         3653    i.HAL_TIM_IC_CaptureCallback  stm32f4xx_hal_tim.o
    0x0800346a   0x0800346a   0x000000de   Code   RO         3655    i.HAL_TIM_IC_ConfigChannel  stm32f4xx_hal_tim.o
    0x08003548   0x08003548   0x00000066   Code   RO         3658    i.HAL_TIM_IC_Init   stm32f4xx_hal_tim.o
    0x080035ae   0x080035ae   0x00000002   PAD
    0x080035b0   0x080035b0   0x00000084   Code   RO         1080    i.HAL_TIM_IC_MspInit  tim.o
    0x08003634   0x08003634   0x00000196   Code   RO         3667    i.HAL_TIM_IRQHandler  stm32f4xx_hal_tim.o
    0x080037ca   0x080037ca   0x00000002   PAD
    0x080037cc   0x080037cc   0x000001e0   Code   RO         1081    i.HAL_TIM_MspPostInit  tim.o
    0x080039ac   0x080039ac   0x00000002   Code   RO         3670    i.HAL_TIM_OC_DelayElapsedCallback  stm32f4xx_hal_tim.o
    0x080039ae   0x080039ae   0x00000066   Code   RO         3684    i.HAL_TIM_OnePulse_Init  stm32f4xx_hal_tim.o
    0x08003a14   0x08003a14   0x00000002   Code   RO         3686    i.HAL_TIM_OnePulse_MspInit  stm32f4xx_hal_tim.o
    0x08003a16   0x08003a16   0x00000104   Code   RO         3691    i.HAL_TIM_PWM_ConfigChannel  stm32f4xx_hal_tim.o
    0x08003b1a   0x08003b1a   0x00000066   Code   RO         3694    i.HAL_TIM_PWM_Init  stm32f4xx_hal_tim.o
    0x08003b80   0x08003b80   0x0000018c   Code   RO         1083    i.HAL_TIM_PWM_MspInit  tim.o
    0x08003d0c   0x08003d0c   0x00000002   Code   RO         3697    i.HAL_TIM_PWM_PulseFinishedCallback  stm32f4xx_hal_tim.o
    0x08003d0e   0x08003d0e   0x00000002   PAD
    0x08003d10   0x08003d10   0x0000010c   Code   RO         3699    i.HAL_TIM_PWM_Start  stm32f4xx_hal_tim.o
    0x08003e1c   0x08003e1c   0x00000018   Code   RO            5    i.HAL_TIM_PeriodElapsedCallback  main.o
    0x08003e34   0x08003e34   0x00000002   Code   RO         3710    i.HAL_TIM_TriggerCallback  stm32f4xx_hal_tim.o
    0x08003e36   0x08003e36   0x00000082   Code   RO         4610    i.HAL_UARTEx_ReceiveToIdle_DMA  stm32f4xx_hal_uart.o
    0x08003eb8   0x08003eb8   0x00000058   Code   RO            6    i.HAL_UARTEx_RxEventCallback  main.o
    0x08003f10   0x08003f10   0x00000002   Code   RO         4626    i.HAL_UART_ErrorCallback  stm32f4xx_hal_uart.o
    0x08003f12   0x08003f12   0x00000002   PAD
    0x08003f14   0x08003f14   0x000002e0   Code   RO         4629    i.HAL_UART_IRQHandler  stm32f4xx_hal_uart.o
    0x080041f4   0x080041f4   0x00000072   Code   RO         4630    i.HAL_UART_Init     stm32f4xx_hal_uart.o
    0x08004266   0x08004266   0x00000002   PAD
    0x08004268   0x08004268   0x00000424   Code   RO         1214    i.HAL_UART_MspInit  usart.o
    0x0800468c   0x0800468c   0x00000002   Code   RO         4636    i.HAL_UART_RxCpltCallback  stm32f4xx_hal_uart.o
    0x0800468e   0x0800468e   0x00000002   Code   RO         4637    i.HAL_UART_RxHalfCpltCallback  stm32f4xx_hal_uart.o
    0x08004690   0x08004690   0x000000d2   Code   RO         4638    i.HAL_UART_Transmit  stm32f4xx_hal_uart.o
    0x08004762   0x08004762   0x00000002   Code   RO         4641    i.HAL_UART_TxCpltCallback  stm32f4xx_hal_uart.o
    0x08004764   0x08004764   0x00000004   Code   RO          702    i.HardFault_Handler  stm32f4xx_it.o
    0x08004768   0x08004768   0x00000010   Code   RO          703    i.I2C1_ER_IRQHandler  stm32f4xx_it.o
    0x08004778   0x08004778   0x00000010   Code   RO          704    i.I2C1_EV_IRQHandler  stm32f4xx_it.o
    0x08004788   0x08004788   0x0000001c   Code   RO         2854    i.I2C_ConvertOtherXferOptions  stm32f4xx_hal_i2c.o
    0x080047a4   0x080047a4   0x000000f8   Code   RO         2855    i.I2C_DMAAbort      stm32f4xx_hal_i2c.o
    0x0800489c   0x0800489c   0x000001ac   Code   RO         2858    i.I2C_ITError       stm32f4xx_hal_i2c.o
    0x08004a48   0x08004a48   0x00000126   Code   RO         2860    i.I2C_MasterReceive_BTF  stm32f4xx_hal_i2c.o
    0x08004b6e   0x08004b6e   0x000000e2   Code   RO         2861    i.I2C_MasterReceive_RXNE  stm32f4xx_hal_i2c.o
    0x08004c50   0x08004c50   0x000000a0   Code   RO         2864    i.I2C_MasterTransmit_BTF  stm32f4xx_hal_i2c.o
    0x08004cf0   0x08004cf0   0x000000d8   Code   RO         2865    i.I2C_MasterTransmit_TXE  stm32f4xx_hal_i2c.o
    0x08004dc8   0x08004dc8   0x0000002a   Code   RO         2866    i.I2C_Master_ADD10  stm32f4xx_hal_i2c.o
    0x08004df2   0x08004df2   0x00000268   Code   RO         2867    i.I2C_Master_ADDR   stm32f4xx_hal_i2c.o
    0x0800505a   0x0800505a   0x0000009e   Code   RO         2868    i.I2C_Master_SB     stm32f4xx_hal_i2c.o
    0x080050f8   0x080050f8   0x000000be   Code   RO         2869    i.I2C_MemoryTransmit_TXE_BTF  stm32f4xx_hal_i2c.o
    0x080051b6   0x080051b6   0x0000001a   Code   RO         2872    i.I2C_SlaveReceive_BTF  stm32f4xx_hal_i2c.o
    0x080051d0   0x080051d0   0x00000046   Code   RO         2873    i.I2C_SlaveReceive_RXNE  stm32f4xx_hal_i2c.o
    0x08005216   0x08005216   0x0000001a   Code   RO         2874    i.I2C_SlaveTransmit_BTF  stm32f4xx_hal_i2c.o
    0x08005230   0x08005230   0x00000046   Code   RO         2875    i.I2C_SlaveTransmit_TXE  stm32f4xx_hal_i2c.o
    0x08005276   0x08005276   0x00000070   Code   RO         2876    i.I2C_Slave_ADDR    stm32f4xx_hal_i2c.o
    0x080052e6   0x080052e6   0x00000002   PAD
    0x080052e8   0x080052e8   0x000000a0   Code   RO         2877    i.I2C_Slave_AF      stm32f4xx_hal_i2c.o
    0x08005388   0x08005388   0x0000018c   Code   RO         2878    i.I2C_Slave_STOPF   stm32f4xx_hal_i2c.o
    0x08005514   0x08005514   0x00000050   Code   RO         2884    i.I2C_WaitOnSTOPRequestThroughIT  stm32f4xx_hal_i2c.o
    0x08005564   0x08005564   0x0000000a   Code   RO          309    i.Key_Task_Proc     freertos.o
    0x0800556e   0x0800556e   0x00000002   PAD
    0x08005570   0x08005570   0x00000070   Code   RO          963    i.MX_ADC1_Init      adc.o
    0x080055e0   0x080055e0   0x00000070   Code   RO          964    i.MX_ADC2_Init      adc.o
    0x08005650   0x08005650   0x00000070   Code   RO          965    i.MX_ADC3_Init      adc.o
    0x080056c0   0x080056c0   0x00000078   Code   RO          865    i.MX_DMA_Init       dma.o
    0x08005738   0x08005738   0x000002fc   Code   RO          310    i.MX_FREERTOS_Init  freertos.o
    0x08005a34   0x08005a34   0x000001b4   Code   RO          892    i.MX_GPIO_Init      gpio.o
    0x08005be8   0x08005be8   0x0000003c   Code   RO          921    i.MX_I2C1_Init      i2c.o
    0x08005c24   0x08005c24   0x00000044   Code   RO         1017    i.MX_SPI1_Init      spi.o
    0x08005c68   0x08005c68   0x00000048   Code   RO         1018    i.MX_SPI2_Init      spi.o
    0x08005cb0   0x08005cb0   0x0000006c   Code   RO         1084    i.MX_TIM10_Init     tim.o
    0x08005d1c   0x08005d1c   0x0000006c   Code   RO         1085    i.MX_TIM11_Init     tim.o
    0x08005d88   0x08005d88   0x000000f0   Code   RO         1086    i.MX_TIM1_Init      tim.o
    0x08005e78   0x08005e78   0x00000078   Code   RO         1087    i.MX_TIM2_Init      tim.o
    0x08005ef0   0x08005ef0   0x0000007c   Code   RO         1088    i.MX_TIM3_Init      tim.o
    0x08005f6c   0x08005f6c   0x000000b0   Code   RO         1089    i.MX_TIM4_Init      tim.o
    0x0800601c   0x0800601c   0x000000cc   Code   RO         1090    i.MX_TIM5_Init      tim.o
    0x080060e8   0x080060e8   0x0000004c   Code   RO         1091    i.MX_TIM6_Init      tim.o
    0x08006134   0x08006134   0x000000c0   Code   RO         1092    i.MX_TIM8_Init      tim.o
    0x080061f4   0x080061f4   0x00000070   Code   RO         1093    i.MX_TIM9_Init      tim.o
    0x08006264   0x08006264   0x00000038   Code   RO         1215    i.MX_UART4_Init     usart.o
    0x0800629c   0x0800629c   0x00000038   Code   RO         1216    i.MX_UART5_Init     usart.o
    0x080062d4   0x080062d4   0x00000038   Code   RO         1217    i.MX_USART1_UART_Init  usart.o
    0x0800630c   0x0800630c   0x00000038   Code   RO         1218    i.MX_USART2_UART_Init  usart.o
    0x08006344   0x08006344   0x00000038   Code   RO         1219    i.MX_USART3_UART_Init  usart.o
    0x0800637c   0x0800637c   0x00000040   Code   RO         1220    i.MX_USART6_UART_Init  usart.o
    0x080063bc   0x080063bc   0x00000030   Code   RO         1298    i.MX_USB_OTG_FS_HCD_Init  usb_otg.o
    0x080063ec   0x080063ec   0x00000074   Code   RO         7609    i.Mag_Get           ak8975.o
    0x08006460   0x08006460   0x00000004   Code   RO          705    i.MemManage_Handler  stm32f4xx_it.o
    0x08006464   0x08006464   0x0000000a   Code   RO         7091    i.Motor_Task_Proc   motor_proc.o
    0x0800646e   0x0800646e   0x00000004   Code   RO          706    i.NMI_Handler       stm32f4xx_it.o
    0x08006472   0x08006472   0x00000038   Code   RO         7436    i.OLED_Clear        oled_proc.o
    0x080064aa   0x080064aa   0x00000002   PAD
    0x080064ac   0x080064ac   0x0000003c   Code   RO         7443    i.OLED_Init         oled_proc.o
    0x080064e8   0x080064e8   0x00000024   Code   RO         7446    i.OLED_Set_Pos      oled_proc.o
    0x0800650c   0x0800650c   0x000000e4   Code   RO         7448    i.OLED_ShowChar     oled_proc.o
    0x080065f0   0x080065f0   0x00000068   Code   RO         7450    i.OLED_ShowString   oled_proc.o
    0x08006658   0x08006658   0x0000029c   Code   RO         7453    i.OLED_Task_Proc    oled_proc.o
    0x080068f4   0x080068f4   0x0000003c   Code   RO         7455    i.OLED_WR_CMD       oled_proc.o
    0x08006930   0x08006930   0x0000003c   Code   RO         7456    i.OLED_WR_DATA      oled_proc.o
    0x0800696c   0x0800696c   0x0000000a   Code   RO          311    i.PWM_Task_Proc     freertos.o
    0x08006976   0x08006976   0x00000002   PAD
    0x08006978   0x08006978   0x00000034   Code   RO         6993    i.RGB_Show_Proc     led_proc.o
    0x080069ac   0x080069ac   0x0000001c   Code   RO         6994    i.RGB_Task_Proc     led_proc.o
    0x080069c8   0x080069c8   0x000000a0   Code   RO         7793    i.ReadAccData       bmi088_1.o
    0x08006a68   0x08006a68   0x00000046   Code   RO         7795    i.ReadAccTemperature  bmi088_1.o
    0x08006aae   0x08006aae   0x00000002   PAD
    0x08006ab0   0x08006ab0   0x00000100   Code   RO         7796    i.ReadGyroData      bmi088_1.o
    0x08006bb0   0x08006bb0   0x00000090   Code   RO         7797    i.ReadMultiDataFromAcc  bmi088_1.o
    0x08006c40   0x08006c40   0x00000078   Code   RO         7798    i.ReadMultiDataFromGyro  bmi088_1.o
    0x08006cb8   0x08006cb8   0x0000007c   Code   RO         7799    i.ReadSingleDataFromAcc  bmi088_1.o
    0x08006d34   0x08006d34   0x00000060   Code   RO         7800    i.ReadSingleDataFromGyro  bmi088_1.o
    0x08006d94   0x08006d94   0x00000010   Code   RO          707    i.SPI1_IRQHandler   stm32f4xx_it.o
    0x08006da4   0x08006da4   0x00000010   Code   RO          708    i.SPI2_IRQHandler   stm32f4xx_it.o
    0x08006db4   0x08006db4   0x00000014   Code   RO         3333    i.SPI_DMAAbortOnError  stm32f4xx_hal_spi.o
    0x08006dc8   0x08006dc8   0x00000094   Code   RO         3343    i.SPI_EndRxTransaction  stm32f4xx_hal_spi.o
    0x08006e5c   0x08006e5c   0x0000006c   Code   RO         3344    i.SPI_EndRxTxTransaction  stm32f4xx_hal_spi.o
    0x08006ec8   0x08006ec8   0x00000044   Code   RO         1020    i.SPI_SingleWirteAndRead  spi.o
    0x08006f0c   0x08006f0c   0x000000d8   Code   RO         3349    i.SPI_WaitFlagStateUntilTimeout  stm32f4xx_hal_spi.o
    0x08006fe4   0x08006fe4   0x00000064   Code   RO         7678    i.SPl0601GetRawPressure  spl06.o
    0x08007048   0x08007048   0x00000068   Code   RO         7679    i.SPl0601GetRawTemp  spl06.o
    0x080070b0   0x080070b0   0x00000028   Code   RO         7681    i.SPl0601Read       spl06.o
    0x080070d8   0x080070d8   0x00000024   Code   RO         7685    i.SPl06Enable       spl06.o
    0x080070fc   0x080070fc   0x000001e4   Code   RO         7121    i.Sbus_Channels_Proc  sbus_proc.o
    0x080072e0   0x080072e0   0x0000003c   Code   RO         7123    i.Sbus_Uart6_IDLE_Proc  sbus_proc.o
    0x0800731c   0x0800731c   0x0000000a   Code   RO         7124    i.Sbus_Uart6_Task_Proc  sbus_proc.o
    0x08007326   0x08007326   0x00000002   PAD
    0x08007328   0x08007328   0x00000040   Code   RO         7373    i.SensorData_Task_Proc  sensor_data_proc.o
    0x08007368   0x08007368   0x0000000e   Code   RO         7686    i.Spl0601Get        spl06.o
    0x08007376   0x08007376   0x00000002   PAD
    0x08007378   0x08007378   0x000000dc   Code   RO         7687    i.Spl0601GetPressure  spl06.o
    0x08007454   0x08007454   0x00000094   Code   RO         7688    i.Spl0601GetTemperature  spl06.o
    0x080074e8   0x080074e8   0x00000034   Code   RO         6914    i.SysTick_Handler   port.o
    0x0800751c   0x0800751c   0x000000b4   Code   RO            7    i.SystemClock_Config  main.o
    0x080075d0   0x080075d0   0x00000014   Code   RO         5456    i.SystemInit        system_stm32f4xx.o
    0x080075e4   0x080075e4   0x00000010   Code   RO          709    i.TIM1_CC_IRQHandler  stm32f4xx_it.o
    0x080075f4   0x080075f4   0x00000010   Code   RO          710    i.TIM2_IRQHandler   stm32f4xx_it.o
    0x08007604   0x08007604   0x00000010   Code   RO          711    i.TIM3_IRQHandler   stm32f4xx_it.o
    0x08007614   0x08007614   0x00000010   Code   RO          712    i.TIM4_IRQHandler   stm32f4xx_it.o
    0x08007624   0x08007624   0x00000010   Code   RO          713    i.TIM5_IRQHandler   stm32f4xx_it.o
    0x08007634   0x08007634   0x00000010   Code   RO          714    i.TIM6_DAC_IRQHandler  stm32f4xx_it.o
    0x08007644   0x08007644   0x00000010   Code   RO          715    i.TIM7_IRQHandler   stm32f4xx_it.o
    0x08007654   0x08007654   0x000000d8   Code   RO         3712    i.TIM_Base_SetConfig  stm32f4xx_hal_tim.o
    0x0800772c   0x0800772c   0x00000022   Code   RO         3713    i.TIM_CCxChannelCmd  stm32f4xx_hal_tim.o
    0x0800774e   0x0800774e   0x00000002   PAD
    0x08007750   0x08007750   0x00000070   Code   RO         3725    i.TIM_OC1_SetConfig  stm32f4xx_hal_tim.o
    0x080077c0   0x080077c0   0x0000007c   Code   RO         3726    i.TIM_OC2_SetConfig  stm32f4xx_hal_tim.o
    0x0800783c   0x0800783c   0x00000078   Code   RO         3727    i.TIM_OC3_SetConfig  stm32f4xx_hal_tim.o
    0x080078b4   0x080078b4   0x00000054   Code   RO         3728    i.TIM_OC4_SetConfig  stm32f4xx_hal_tim.o
    0x08007908   0x08007908   0x00000090   Code   RO         3731    i.TIM_TI1_SetConfig  stm32f4xx_hal_tim.o
    0x08007998   0x08007998   0x0000003a   Code   RO         3733    i.TIM_TI2_SetConfig  stm32f4xx_hal_tim.o
    0x080079d2   0x080079d2   0x00000038   Code   RO         3734    i.TIM_TI3_SetConfig  stm32f4xx_hal_tim.o
    0x08007a0a   0x08007a0a   0x0000003c   Code   RO         3735    i.TIM_TI4_SetConfig  stm32f4xx_hal_tim.o
    0x08007a46   0x08007a46   0x00000002   PAD
    0x08007a48   0x08007a48   0x00000010   Code   RO          716    i.UART4_IRQHandler  stm32f4xx_it.o
    0x08007a58   0x08007a58   0x00000010   Code   RO          717    i.UART5_IRQHandler  stm32f4xx_it.o
    0x08007a68   0x08007a68   0x00000014   Code   RO         4643    i.UART_DMAAbortOnError  stm32f4xx_hal_uart.o
    0x08007a7c   0x08007a7c   0x00000050   Code   RO         4644    i.UART_DMAError     stm32f4xx_hal_uart.o
    0x08007acc   0x08007acc   0x000000b0   Code   RO         4645    i.UART_DMAReceiveCplt  stm32f4xx_hal_uart.o
    0x08007b7c   0x08007b7c   0x00000020   Code   RO         4647    i.UART_DMARxHalfCplt  stm32f4xx_hal_uart.o
    0x08007b9c   0x08007b9c   0x0000006c   Code   RO         4653    i.UART_EndRxTransfer  stm32f4xx_hal_uart.o
    0x08007c08   0x08007c08   0x00000020   Code   RO         4654    i.UART_EndTransmit_IT  stm32f4xx_hal_uart.o
    0x08007c28   0x08007c28   0x00000026   Code   RO         4655    i.UART_EndTxTransfer  stm32f4xx_hal_uart.o
    0x08007c4e   0x08007c4e   0x000000f8   Code   RO         4656    i.UART_Receive_IT   stm32f4xx_hal_uart.o
    0x08007d46   0x08007d46   0x00000002   PAD
    0x08007d48   0x08007d48   0x0000022c   Code   RO         4657    i.UART_SetConfig    stm32f4xx_hal_uart.o
    0x08007f74   0x08007f74   0x000000cc   Code   RO         4658    i.UART_Start_Receive_DMA  stm32f4xx_hal_uart.o
    0x08008040   0x08008040   0x00000060   Code   RO         4660    i.UART_Transmit_IT  stm32f4xx_hal_uart.o
    0x080080a0   0x080080a0   0x00000092   Code   RO         4661    i.UART_WaitOnFlagUntilTimeout  stm32f4xx_hal_uart.o
    0x08008132   0x08008132   0x00000002   PAD
    0x08008134   0x08008134   0x00000010   Code   RO          718    i.USART1_IRQHandler  stm32f4xx_it.o
    0x08008144   0x08008144   0x00000010   Code   RO          719    i.USART2_IRQHandler  stm32f4xx_it.o
    0x08008154   0x08008154   0x00000010   Code   RO          720    i.USART3_IRQHandler  stm32f4xx_it.o
    0x08008164   0x08008164   0x00000010   Code   RO          721    i.USART6_IRQHandler  stm32f4xx_it.o
    0x08008174   0x08008174   0x00000084   Code   RO         5155    i.USB_CoreInit      stm32f4xx_ll_usb.o
    0x080081f8   0x080081f8   0x00000054   Code   RO         5156    i.USB_CoreReset     stm32f4xx_ll_usb.o
    0x0800824c   0x0800824c   0x0000000e   Code   RO         5163    i.USB_DisableGlobalInt  stm32f4xx_ll_usb.o
    0x0800825a   0x0800825a   0x00000002   PAD
    0x0800825c   0x0800825c   0x00000030   Code   RO         5172    i.USB_FlushRxFifo   stm32f4xx_ll_usb.o
    0x0800828c   0x0800828c   0x00000034   Code   RO         5173    i.USB_FlushTxFifo   stm32f4xx_ll_usb.o
    0x080082c0   0x080082c0   0x0000000a   Code   RO         5177    i.USB_GetMode       stm32f4xx_ll_usb.o
    0x080082ca   0x080082ca   0x00000002   PAD
    0x080082cc   0x080082cc   0x000000f0   Code   RO         5182    i.USB_HostInit      stm32f4xx_ll_usb.o
    0x080083bc   0x080083bc   0x00000068   Code   RO         5191    i.USB_SetCurrentMode  stm32f4xx_ll_usb.o
    0x08008424   0x08008424   0x00000004   Code   RO          722    i.UsageFault_Handler  stm32f4xx_it.o
    0x08008428   0x08008428   0x00000060   Code   RO         7229    i.W25QXX_Init       w25q32_proc.o
    0x08008488   0x08008488   0x0000005c   Code   RO         7232    i.W25QXX_ReadCapacity  w25q32_proc.o
    0x080084e4   0x080084e4   0x0000004c   Code   RO         7233    i.W25QXX_ReadID     w25q32_proc.o
    0x08008530   0x08008530   0x00000050   Code   RO         7235    i.W25QXX_ReadUniqueID  w25q32_proc.o
    0x08008580   0x08008580   0x00000028   Code   RO         7236    i.W25QXX_SPI_ReadWriteByte  w25q32_proc.o
    0x080085a8   0x080085a8   0x0000004c   Code   RO         7245    i.W25q32_Task_Proc  w25q32_proc.o
    0x080085f4   0x080085f4   0x00000020   Code   RO         9313    i.__0printf         mc_w.l(printfa.o)
    0x08008614   0x08008614   0x00000028   Code   RO         9315    i.__0sprintf        mc_w.l(printfa.o)
    0x0800863c   0x0800863c   0x00000010   Code   RO         2497    i.__NVIC_GetPriorityGrouping  stm32f4xx_hal_cortex.o
    0x0800864c   0x0800864c   0x00000028   Code   RO         2498    i.__NVIC_SetPriority  stm32f4xx_hal_cortex.o
    0x08008674   0x08008674   0x0000000e   Code   RO         9423    i.__scatterload_copy  mc_w.l(handlers.o)
    0x08008682   0x08008682   0x00000002   Code   RO         9424    i.__scatterload_null  mc_w.l(handlers.o)
    0x08008684   0x08008684   0x0000000e   Code   RO         9425    i.__scatterload_zeroinit  mc_w.l(handlers.o)
    0x08008692   0x08008692   0x00000002   PAD
    0x08008694   0x08008694   0x00000184   Code   RO         9320    i._fp_digits        mc_w.l(printfa.o)
    0x08008818   0x08008818   0x000006b4   Code   RO         9321    i._printf_core      mc_w.l(printfa.o)
    0x08008ecc   0x08008ecc   0x00000024   Code   RO         9322    i._printf_post_padding  mc_w.l(printfa.o)
    0x08008ef0   0x08008ef0   0x0000002e   Code   RO         9323    i._printf_pre_padding  mc_w.l(printfa.o)
    0x08008f1e   0x08008f1e   0x0000000a   Code   RO         9325    i._sputc            mc_w.l(printfa.o)
    0x08008f28   0x08008f28   0x0000001c   Code   RO         7610    i.ak8975_Trig       ak8975.o
    0x08008f44   0x08008f44   0x00000024   Code   RO         7611    i.ak8975_enable     ak8975.o
    0x08008f68   0x08008f68   0x00000020   Code   RO         1221    i.fputc             usart.o
    0x08008f88   0x08008f88   0x00000114   Code   RO            8    i.main              main.o
    0x0800909c   0x0800909c   0x0000000e   Code   RO         6488    i.makeFreeRtosPriority  cmsis_os.o
    0x080090aa   0x080090aa   0x00000018   Code   RO         6490    i.osDelay           cmsis_os.o
    0x080090c2   0x080090c2   0x0000000a   Code   RO         6493    i.osKernelStart     cmsis_os.o
    0x080090cc   0x080090cc   0x0000005e   Code   RO         6527    i.osThreadCreate    cmsis_os.o
    0x0800912a   0x0800912a   0x00000002   PAD
    0x0800912c   0x0800912c   0x00000098   Code   RO         6004    i.prvAddCurrentTaskToDelayedList  tasks.o
    0x080091c4   0x080091c4   0x000000b4   Code   RO         6005    i.prvAddNewTaskToReadyList  tasks.o
    0x08009278   0x08009278   0x00000074   Code   RO         6329    i.prvCheckForValidListAndQueue  timers.o
    0x080092ec   0x080092ec   0x00000048   Code   RO         6006    i.prvCheckTasksWaitingTermination  tasks.o
    0x08009334   0x08009334   0x0000002a   Code   RO         5625    i.prvCopyDataFromQueue  queue.o
    0x0800935e   0x0800935e   0x0000007e   Code   RO         5626    i.prvCopyDataToQueue  queue.o
    0x080093dc   0x080093dc   0x00000050   Code   RO         6007    i.prvDeleteTCB      tasks.o
    0x0800942c   0x0800942c   0x00000028   Code   RO         6330    i.prvGetNextExpireTime  timers.o
    0x08009454   0x08009454   0x0000007c   Code   RO         6858    i.prvHeapInit       heap_4.o
    0x080094d0   0x080094d0   0x00000028   Code   RO         6008    i.prvIdleTask       tasks.o
    0x080094f8   0x080094f8   0x00000026   Code   RO         5629    i.prvInitialiseNewQueue  queue.o
    0x0800951e   0x0800951e   0x000000b4   Code   RO         6009    i.prvInitialiseNewTask  tasks.o
    0x080095d2   0x080095d2   0x00000002   PAD
    0x080095d4   0x080095d4   0x00000068   Code   RO         6010    i.prvInitialiseTaskLists  tasks.o
    0x0800963c   0x0800963c   0x00000068   Code   RO         6859    i.prvInsertBlockIntoFreeList  heap_4.o
    0x080096a4   0x080096a4   0x00000058   Code   RO         6332    i.prvInsertTimerInActiveList  timers.o
    0x080096fc   0x080096fc   0x0000001a   Code   RO         5630    i.prvIsQueueEmpty   queue.o
    0x08009716   0x08009716   0x0000001e   Code   RO         5631    i.prvIsQueueFull    queue.o
    0x08009734   0x08009734   0x00000074   Code   RO         6333    i.prvProcessExpiredTimer  timers.o
    0x080097a8   0x080097a8   0x00000138   Code   RO         6334    i.prvProcessReceivedCommands  timers.o
    0x080098e0   0x080098e0   0x00000074   Code   RO         6335    i.prvProcessTimerOrBlockTask  timers.o
    0x08009954   0x08009954   0x00000034   Code   RO         6011    i.prvResetNextTaskUnblockTime  tasks.o
    0x08009988   0x08009988   0x0000002c   Code   RO         6336    i.prvSampleTimeNow  timers.o
    0x080099b4   0x080099b4   0x000000a4   Code   RO         6337    i.prvSwitchTimerLists  timers.o
    0x08009a58   0x08009a58   0x00000040   Code   RO         6915    i.prvTaskExitError  port.o
    0x08009a98   0x08009a98   0x0000001a   Code   RO         6338    i.prvTimerTask      timers.o
    0x08009ab2   0x08009ab2   0x0000007e   Code   RO         5632    i.prvUnlockQueue    queue.o
    0x08009b30   0x08009b30   0x0000014c   Code   RO         6860    i.pvPortMalloc      heap_4.o
    0x08009c7c   0x08009c7c   0x0000002c   Code   RO         6916    i.pxPortInitialiseStack  port.o
    0x08009ca8   0x08009ca8   0x00000028   Code   RO         5817    i.uxListRemove      list.o
    0x08009cd0   0x08009cd0   0x00000018   Code   RO          312    i.vApplicationGetIdleTaskMemory  freertos.o
    0x08009ce8   0x08009ce8   0x00000018   Code   RO          313    i.vApplicationGetTimerTaskMemory  freertos.o
    0x08009d00   0x08009d00   0x0000001a   Code   RO         5818    i.vListInitialise   list.o
    0x08009d1a   0x08009d1a   0x00000006   Code   RO         5819    i.vListInitialiseItem  list.o
    0x08009d20   0x08009d20   0x00000034   Code   RO         5820    i.vListInsert       list.o
    0x08009d54   0x08009d54   0x00000018   Code   RO         5821    i.vListInsertEnd    list.o
    0x08009d6c   0x08009d6c   0x00000054   Code   RO         6918    i.vPortEnterCritical  port.o
    0x08009dc0   0x08009dc0   0x0000003c   Code   RO         6919    i.vPortExitCritical  port.o
    0x08009dfc   0x08009dfc   0x000000a4   Code   RO         6861    i.vPortFree         heap_4.o
    0x08009ea0   0x08009ea0   0x00000028   Code   RO         6920    i.vPortSetupTimerInterrupt  port.o
    0x08009ec8   0x08009ec8   0x00000078   Code   RO         6921    i.vPortValidateInterruptPriority  port.o
    0x08009f40   0x08009f40   0x0000002c   Code   RO         5636    i.vQueueAddToRegistry  queue.o
    0x08009f6c   0x08009f6c   0x0000004a   Code   RO         5639    i.vQueueWaitForMessageRestricted  queue.o
    0x08009fb6   0x08009fb6   0x00000002   PAD
    0x08009fb8   0x08009fb8   0x0000005c   Code   RO         6020    i.vTaskDelay        tasks.o
    0x0800a014   0x0800a014   0x00000018   Code   RO         6023    i.vTaskInternalSetTimeOutState  tasks.o
    0x0800a02c   0x0800a02c   0x0000000c   Code   RO         6024    i.vTaskMissedYield  tasks.o
    0x0800a038   0x0800a038   0x00000038   Code   RO         6026    i.vTaskPlaceOnEventList  tasks.o
    0x0800a070   0x0800a070   0x00000040   Code   RO         6027    i.vTaskPlaceOnEventListRestricted  tasks.o
    0x0800a0b0   0x0800a0b0   0x000000b8   Code   RO         6034    i.vTaskStartScheduler  tasks.o
    0x0800a168   0x0800a168   0x00000010   Code   RO         6036    i.vTaskSuspendAll   tasks.o
    0x0800a178   0x0800a178   0x0000008c   Code   RO         6037    i.vTaskSwitchContext  tasks.o
    0x0800a204   0x0800a204   0x00000168   Code   RO         6922    i.xPortStartScheduler  port.o
    0x0800a36c   0x0800a36c   0x000000e0   Code   RO         5643    i.xQueueGenericCreateStatic  queue.o
    0x0800a44c   0x0800a44c   0x00000098   Code   RO         5644    i.xQueueGenericReset  queue.o
    0x0800a4e4   0x0800a4e4   0x000001a8   Code   RO         5645    i.xQueueGenericSend  queue.o
    0x0800a68c   0x0800a68c   0x000000fc   Code   RO         5646    i.xQueueGenericSendFromISR  queue.o
    0x0800a788   0x0800a788   0x00000168   Code   RO         5652    i.xQueueReceive     queue.o
    0x0800a8f0   0x0800a8f0   0x0000008c   Code   RO         6039    i.xTaskCheckForTimeOut  tasks.o
    0x0800a97c   0x0800a97c   0x00000064   Code   RO         6040    i.xTaskCreate       tasks.o
    0x0800a9e0   0x0800a9e0   0x000000ba   Code   RO         6041    i.xTaskCreateStatic  tasks.o
    0x0800aa9a   0x0800aa9a   0x00000002   PAD
    0x0800aa9c   0x0800aa9c   0x00000020   Code   RO         6045    i.xTaskGetSchedulerState  tasks.o
    0x0800aabc   0x0800aabc   0x0000000c   Code   RO         6046    i.xTaskGetTickCount  tasks.o
    0x0800aac8   0x0800aac8   0x00000148   Code   RO         6048    i.xTaskIncrementTick  tasks.o
    0x0800ac10   0x0800ac10   0x000000c8   Code   RO         6051    i.xTaskPriorityDisinherit  tasks.o
    0x0800acd8   0x0800acd8   0x00000098   Code   RO         6053    i.xTaskRemoveFromEventList  tasks.o
    0x0800ad70   0x0800ad70   0x00000104   Code   RO         6054    i.xTaskResumeAll    tasks.o
    0x0800ae74   0x0800ae74   0x00000078   Code   RO         6345    i.xTimerCreateTimerTask  timers.o
    0x0800aeec   0x0800aeec   0x00000084   Code   RO         6346    i.xTimerGenericCommand  timers.o
    0x0800af70   0x0800af70   0x00000118   Data   RO          315    .constdata          freertos.o
    0x0800b088   0x0800b088   0x00000008   Data   RO         2211    .constdata          stm32f4xx_hal_dma.o
    0x0800b090   0x0800b090   0x00000018   Data   RO         5457    .constdata          system_stm32f4xx.o
    0x0800b0a8   0x0800b0a8   0x000008c8   Data   RO         7590    .constdata          oledfont.o
    0x0800b970   0x0800b970   0x0000006c   Data   RO          316    .conststring        freertos.o
    0x0800b9dc   0x0800b9dc   0x00000020   Data   RO         9421    Region$$Table       anon$$obj.o


    Execution Region RW_IRAM1 (Exec base: 0x20000000, Load base: 0x0800b9fc, Size: 0x00005730, Max: 0x0001c000, ABSOLUTE)

    Exec Addr    Load Addr    Size         Type   Attr      Idx    E Section Name        Object

    0x20000000   0x0800b9fc   0x00000008   Data   RW          317    .data               freertos.o
    0x20000008   0x0800ba04   0x00000001   Data   RW         1223    .data               usart.o
    0x20000009   0x0800ba05   0x00000003   PAD
    0x2000000c   0x0800ba08   0x00000009   Data   RW         2646    .data               stm32f4xx_hal.o
    0x20000015   0x0800ba11   0x00000003   PAD
    0x20000018   0x0800ba14   0x00000004   Data   RW         5458    .data               system_stm32f4xx.o
    0x2000001c   0x0800ba18   0x0000003c   Data   RW         6057    .data               tasks.o
    0x20000058   0x0800ba54   0x00000014   Data   RW         6352    .data               timers.o
    0x2000006c   0x0800ba68   0x00000020   Data   RW         6867    .data               heap_4.o
    0x2000008c   0x0800ba88   0x0000000c   Data   RW         6923    .data               port.o
    0x20000098   0x0800ba94   0x00000005   Data   RW         6995    .data               led_proc.o
    0x2000009d   0x0800ba99   0x00000003   PAD
    0x200000a0   0x0800ba9c   0x00000004   Data   RW         7031    .data               uart3_ble_proc.o
    0x200000a4   0x0800baa0   0x00000004   Data   RW         7062    .data               buzzer_proc.o
    0x200000a8   0x0800baa4   0x00000004   Data   RW         7092    .data               motor_proc.o
    0x200000ac   0x0800baa8   0x00000004   Data   RW         7126    .data               sbus_proc.o
    0x200000b0   0x0800baac   0x00000014   Data   RW         7248    .data               w25q32_proc.o
    0x200000c4   0x0800bac0   0x00000013   Data   RW         7376    .data               sensor_data_proc.o
    0x200000d7   0x0800bad3   0x00000001   PAD
    0x200000d8   0x0800bad4   0x0000001b   Data   RW         7458    .data               oled_proc.o
    0x200000f3   0x0800baef   0x00000001   PAD
    0x200000f4   0x0800baf0   0x0000000c   Data   RW         7612    .data               ak8975.o
    0x20000100   0x0800bafc   0x00000018   Data   RW         7690    .data               spl06.o
    0x20000118   0x0800bb14   0x00000004   Data   RW         9394    .data               mc_w.l(stdout.o)
    0x2000011c        -       0x00000078   Zero   RW            9    .bss                main.o
    0x20000194        -       0x000006a8   Zero   RW          314    .bss                freertos.o
    0x2000083c        -       0x00000048   Zero   RW          552    .bss                stm32f4xx_hal_timebase_tim.o
    0x20000884        -       0x00000054   Zero   RW          922    .bss                i2c.o
    0x200008d8        -       0x000000d8   Zero   RW          966    .bss                adc.o
    0x200009b0        -       0x000001c8   Zero   RW         1021    .bss                spi.o
    0x20000b78        -       0x000002d0   Zero   RW         1094    .bss                tim.o
    0x20000e48        -       0x000002b8   Zero   RW         1222    .bss                usart.o
    0x20001100        -       0x00000304   Zero   RW         1299    .bss                usb_otg.o
    0x20001404        -       0x00000040   Zero   RW         5655    .bss                queue.o
    0x20001444        -       0x000000f0   Zero   RW         6056    .bss                tasks.o
    0x20001534        -       0x000000e8   Zero   RW         6351    .bss                timers.o
    0x2000161c        -       0x00003c00   Zero   RW         6866    .bss                heap_4.o
    0x2000521c        -       0x00000042   Zero   RW         7125    .bss                sbus_proc.o
    0x2000525e   0x0800bb18   0x00000002   PAD
    0x20005260        -       0x000000cc   Zero   RW         7375    .bss                sensor_data_proc.o
    0x2000532c   0x0800bb18   0x00000004   PAD
    0x20005330        -       0x00000400   Zero   RW         1335    STACK               startup_stm32f40_41xxx.o


    Execution Region RW_IRAM2 (Exec base: 0x2001c000, Load base: 0x0800bb18, Size: 0x00000000, Max: 0x00004000, ABSOLUTE)

    **** No section assigned to this execution region ****


==============================================================================

Image component sizes


      Code (inc. data)   RO Data    RW Data    ZI Data      Debug   Object Name

       820         62          0          0        216       3451   adc.o
       246         14          0         12          0       4465   ak8975.o
       970         74          0          0          0       6162   bmi088_1.o
        12          0          0          4          0        822   buzzer_proc.o
       142          0          0          0          0      25611   cmsis_os.o
         0          0          0          0          0       7460   croutine.o
       120          6          0          0          0        886   dma.o
         0          0          0          0          0      22552   event_groups.o
       832        392        388          8       1704     685846   freertos.o
       436         24          0          0          0       1223   gpio.o
       724         74          0         32      15360       4979   heap_4.o
       228         26          0          0         84       1797   i2c.o
        80         12          0          5          0       1450   led_proc.o
       148          0          0          0          0       3678   list.o
       574         78          0          0        120     726203   main.o
        10          0          0          4          0        812   motor_proc.o
      1272        216          0         27          0      11372   oled_proc.o
         0          0       2248          0          0        730   oledfont.o
      1014         92          0         12          0      12253   port.o
      1918         20          0          0         64      17644   queue.o
       554         20          0          4         66       2923   sbus_proc.o
        64         20          0         19        204       7021   sensor_data_proc.o
       804         72          0          0        456       3651   spi.o
       706         40          0         24          0       7154   spl06.o
        36          8        392          0       1024        820   startup_stm32f40_41xxx.o
       136         24          0          9          0       8850   stm32f4xx_hal.o
      1230         28          0          0          0       5554   stm32f4xx_hal_adc.o
         2          0          0          0          0       1045   stm32f4xx_hal_adc_ex.o
       252         22          0          0          0      33786   stm32f4xx_hal_cortex.o
       868         10          8          0          0       6668   stm32f4xx_hal_dma.o
       508         44          0          0          0       2168   stm32f4xx_hal_gpio.o
       116          0          0          0          0       1199   stm32f4xx_hal_hcd.o
      4716         52          0          0          0      25345   stm32f4xx_hal_i2c.o
        84          6          0          0          0        922   stm32f4xx_hal_msp.o
      1888         94          0          0          0       6417   stm32f4xx_hal_rcc.o
      2402         20          0          0          0      10970   stm32f4xx_hal_spi.o
      2950        172          0          0          0      19649   stm32f4xx_hal_tim.o
       300         30          0          0          0       3409   stm32f4xx_hal_tim_ex.o
       140         18          0          0         72     728567   stm32f4xx_hal_timebase_tim.o
      2934         26          0          0          0      16609   stm32f4xx_hal_uart.o
       330        116          0          0          0      12447   stm32f4xx_it.o
       684         36          0          0          0       6248   stm32f4xx_ll_usb.o
         0          0          0          0          0        392   stream_buffer.o
        20          6         24          4          0       1187   system_stm32f4xx.o
      2858        348          0         60        240      27890   tasks.o
      2968        218          0          0        720      11978   tim.o
      1274        124          0         20        232      33503   timers.o
        10          0          0          4          0       1290   uart3_ble_proc.o
      1436        138          0          1        696       7599   usart.o
       200         12          0          0        772       1857   usb_otg.o
       460         80          0         20          0       4597   w25q32_proc.o

    ----------------------------------------------------------------------
     40536       2874       3092        280      22036    2541111   Object Totals
         0          0         32          0          0          0   (incl. Generated)
        60          0          0         11          6          0   (incl. Padding)

    ----------------------------------------------------------------------

      Code (inc. data)   RO Data    RW Data    ZI Data      Debug   Library Member Name

         0          0          0          0          0          0   entry.o
         0          0          0          0          0          0   entry10a.o
         0          0          0          0          0          0   entry11a.o
         4          0          0          0          0          0   entry12b.o
         8          4          0          0          0          0   entry2.o
         4          0          0          0          0          0   entry5.o
         0          0          0          0          0          0   entry7b.o
         0          0          0          0          0          0   entry8b.o
         8          4          0          0          0          0   entry9a.o
        30          0          0          0          0          0   handlers.o
        36          8          0          0          0         68   init.o
         0          0          0          0          0          0   iusefp.o
        30          0          0          0          0         68   llshl.o
        36          0          0          0          0         68   llsshr.o
        32          0          0          0          0         68   llushr.o
        40          0          0          0          0         76   memcpy.o
        36          0          0          0          0        108   memseta.o
      2268         96          0          0          0        616   printfa.o
         0          0          0          4          0          0   stdout.o
        44          0          0          0          0         80   uidiv.o
        98          0          0          0          0         92   uldiv.o
        48          0          0          0          0         68   cdrcmple.o
        56          0          0          0          0         88   d2f.o
       334          0          0          0          0        148   dadd.o
       222          0          0          0          0        100   ddiv.o
       186          0          0          0          0        176   depilogue.o
        48          0          0          0          0         68   dfixul.o
        34          0          0          0          0         76   dflti.o
       228          0          0          0          0         96   dmul.o
        38          0          0          0          0         68   f2d.o
       110          0          0          0          0        168   fepilogue.o

    ----------------------------------------------------------------------
      3984        112          0          4          0       2300   Library Totals
         6          0          0          0          0          0   (incl. Padding)

    ----------------------------------------------------------------------

      Code (inc. data)   RO Data    RW Data    ZI Data      Debug   Library Name

      2674        112          0          4          0       1244   mc_w.l
      1304          0          0          0          0       1056   mf_w.l

    ----------------------------------------------------------------------
      3984        112          0          4          0       2300   Library Totals

    ----------------------------------------------------------------------

==============================================================================


      Code (inc. data)   RO Data    RW Data    ZI Data      Debug   

     44520       2986       3092        284      22036    2510971   Grand Totals
     44520       2986       3092        284      22036    2510971   ELF Image Totals
     44520       2986       3092        284          0          0   ROM Totals

==============================================================================

    Total RO  Size (Code + RO Data)                47612 (  46.50kB)
    Total RW  Size (RW Data + ZI Data)             22320 (  21.80kB)
    Total ROM Size (Code + RO Data + RW Data)      47896 (  46.77kB)

==============================================================================

